\n=================================================================
  ENHANCED AI + FORMULA TEST - DIABETIC PATIENT
=================================================================\n
EXPECTED RANKING (Common Sense for Diabetics):\n
Ô£à #1 - Salmon Fillet (Sugar: 0g)
Ô£à #2 - Spinach Salad (Sugar: 0.8g)
Ô£à #3 - Avocado (Sugar: 0.5g)
­ƒƒó #4 - Turkey Breast (Sugar: 0g)
­ƒƒó #5 - Strawberries (Sugar: 7g)
­ƒƒó #6 - Sweet Potato (Sugar: 5g)
ÔÜá´©Å #7 - Pasta (Sugar: 1g)
ÔÜá´©Å #8 - French Fries (Sugar: 0g)
­ƒÜ¿ #9 - Ice Cream (Sugar: 21g)
­ƒÜ¿ #10 - Cinnamon Roll (Sugar: 58g)
\n-----------------------------------------------------------------\n
CALCULATED RANKING (AI + Formula Hybrid):\n
Ô£à #1 ­ƒƒó 96/100 - Spinach Salad
   Expected: #2 | Diff: 1 ranks
   Scores: Sugar 100, Fat 100, Quality 75

Ô£à #2 ­ƒƒó 96/100 - Avocado
   Expected: #3 | Diff: 1 ranks
   Scores: Sugar 100, Fat 100, Quality 75

Ô£à #3 ­ƒƒó 96/100 - Turkey Breast
   Expected: #4 | Diff: 1 ranks
   Scores: Sugar 100, Fat 100, Quality 75

ÔÜá´©Å #4 ­ƒƒó 96/100 - Pasta
   Expected: #7 | Diff: 3 ranks
   Scores: Sugar 100, Fat 100, Quality 75

ÔÜá´©Å #5 ­ƒƒó 96/100 - French Fries
   Expected: #8 | Diff: 3 ranks
   Scores: Sugar 100, Fat 100, Quality 75

ÔÜá´©Å #6 ­ƒƒó 93/100 - Salmon Fillet
   Expected: #1 | Diff: 5 ranks
   Scores: Sugar 100, Fat 100, Quality 75

Ô£à #7 ­ƒƒó 89/100 - Sweet Potato
   Expected: #6 | Diff: 1 ranks
   Scores: Sugar 80, Fat 100, Quality 75

ÔÜá´©Å #8 ­ƒƒó 85/100 - Strawberries
   Expected: #5 | Diff: 3 ranks
   Scores: Sugar 67, Fat 100, Quality 75

­ƒÄ» #9 ­ƒƒí 61/100 - Ice Cream
   Expected: #9 | Diff: 0 ranks
   Scores: Sugar 9, Fat 70, Quality 75

­ƒÄ» #10 ­ƒö┤ 29/100 - Cinnamon Roll
   Expected: #10 | Diff: 0 ranks
   Scores: Sugar 0, Fat 50, Quality 75

-----------------------------------------------------------------\n
ACCURACY ANALYSIS:\n
Total Foods Tested: 10
­ƒÄ» Perfect Matches: 2 (20.0%)
Ô£à Within 2 Ranks: 6 (60.0%)
­ƒôè Average Rank Error: 1.80 positions\n
­ƒÅå OVERALL ACCURACY: 60.0%
   ÔÜá´©Å NEEDS IMPROVEMENT\n
=================================================================\n
