
ÔûêÔûêÔûêÔûêÔûêÔûêÔûêÔûêÔûêÔûêÔûêÔûêÔûêÔûêÔûêÔûêÔûêÔûêÔûêÔûêÔûêÔûêÔûêÔûêÔûêÔûêÔûêÔûêÔûêÔûêÔûêÔûêÔûêÔûêÔûêÔûêÔûêÔûêÔûêÔûêÔûêÔûêÔûêÔûêÔûêÔûêÔûêÔûêÔûêÔûêÔûêÔûêÔûêÔûêÔûêÔûêÔûêÔûêÔûêÔûêÔûêÔûêÔûêÔûêÔûêÔûêÔûêÔûêÔûêÔûêÔûêÔûêÔûêÔûêÔûêÔûêÔûêÔûêÔûêÔûê
­ƒº¬ SCORING FORMULA COMPREHENSIVE TESTING
ÔûêÔûêÔûêÔûêÔûêÔûêÔûêÔûêÔûêÔûêÔûêÔûêÔûêÔûêÔûêÔûêÔûêÔûêÔûêÔûêÔûêÔûêÔûêÔûêÔûêÔûêÔûêÔûêÔûêÔûêÔûêÔûêÔûêÔûêÔûêÔûêÔûêÔûêÔûêÔûêÔûêÔûêÔûêÔûêÔûêÔûêÔûêÔûêÔûêÔûêÔûêÔûêÔûêÔûêÔûêÔûêÔûêÔûêÔûêÔûêÔûêÔûêÔûêÔûêÔûêÔûêÔûêÔûêÔûêÔûêÔûêÔûêÔûêÔûêÔûêÔûêÔûêÔûêÔûêÔûê

This test validates the scoring formula by:
1. Testing different health scenarios (diabetes, high cholesterol, etc.)
2. Ranking foods from worst to best using nutrition science
3. Comparing formula results with expected rankings
4. Identifying areas for formula optimization


================================================================================
­ƒÅÑ TESTING: High Cholesterol Patient
================================================================================
­ƒôï Description: LDL 180 mg/dL (very high), HDL 35 mg/dL (low)
ÔÜá´©Å  Risk factors: Heart disease, stroke risk
­ƒÄ» Priority nutrients: saturatedFat, transFat, cholesterol

­ƒºá Calculating advanced health score using diet risk formula...
­ƒôè Nutrition data: {
  servingSize: '100g',
  calories: 320,
  totalFat: 18,
  saturatedFat: 4.5,
  transFat: 0.5,
  cholesterol: 95,
  sodium: 580,
  totalCarbohydrates: 15,
  sugars: 0,
  protein: 22,
  dietaryFiber: undefined
}
­ƒæñ User profile: {
  ldl: 180,
  hdl: 35,
  triglycerides: 200,
  age: 55,
  weight: 80,
  height: 170,
  bmi: 27.7,
  glucose: undefined,
  hba1c: undefined,
  systolic: undefined,
  diastolic: undefined,
  waist: undefined
}
ÔÜÖ´©Å Scoring mode: portion-aware
­ƒôª Parsed serving size: "100g" ÔåÆ 100g
­ƒöì DENSITY DEBUG:
   Original serving: 100g
   Original SFA: 4.5g
   Normalized SFA (per 100g): 4.5g
   Serving size multiplier: 1.00├ù
­ƒôè RISK CALCULATION:
   Scoring mode: portion-aware
   Total risk (before multiplier): 4.1629
   Adjusted risk (after 1.00├ù multiplier): 4.1629
   Final score (1 - risk): 0.0000 = 0/100
node : ÔÜá´©Å Low confidence: More than 50% of markers are missing
At line:1 char:1
+ node test-scoring-optimization.js > test-results.txt 2>&1; Get-Conten ...
+ ~~~~~~~~~~~~~~~~~~~~~~~~~~~~~~~~~~~~~~~~~~~~~~~~~~~~~~~~~
    + CategoryInfo          : NotSpecified: (ÔÜá´©Å Low conf...ers are missing:String) [], RemoteException
    + FullyQualifiedErrorId : NativeCommandError
 
­ƒôÅ Serving size: 100g ÔåÆ Multiplier: 1.00├ù (portion-aware)
Ô£à Advanced score calculated: {
  overallScore: 0,
  confidence: 0.26666666666666666,
  category: 'Very Poor',
  breakdown: { sugarScore: 100, fatScore: 0, sodiumScore: 100, calorieScore: 0 },
  warnings: [
    '­ƒÜ¿ CRITICAL: Very high LDL cholesterol - saturated fat is extremely dangerous',
    'ÔÜá´©Å Contains trans fat: 0.5g (Should be 0g)',
    '­ƒÜ¿ CRITICAL: Trans fat is especially dangerous with high cholesterol!',
    'ÔÜá´©Å Low confidence score - many health markers are missing'
  ],
  recommendations: [
    'ÔØñ´©Å Choose fat-free or very low-fat options - you have very high cholesterol',
    '­ƒÆí Avoid trans fats - they increase heart disease risk',
    'ÔÜû´©Å Watch portion sizes - your BMI is 27.7 (overweight)',
    '­ƒÆí Complete your health profile for more accurate recommendations'
  ],
  details: {
    markerRisks: {
      ldl: 1.6649040306122451,
      hdl: -0.0015656198347107442,
      triglycerides: 0.12974999999999998,
      bmi: 0.20510974245577518
    },
    nutrientImpacts: {
      glucose: 0.18,
      hba1c: 0,
      ldl: 2.999,
      hdl: -0.07400000000000001,
      triglycerides: 0.865,
      alt: 0,
      ast: 0,
      ggt: 0,
      creatinine: 0,
      crp: 0.675,
      uricAcid: 0,
      bmi: 1.8375000000000001,
      waist: 1.4145000000000003,
      systolic: 1.16,
      diastolic: 1.015
    },
    missingMarkers: [
      'glucose',   'hba1c',
      'alt',       'ast',
      'ggt',       'creatinine',
      'crp',       'uricAcid',
      'waist',     'systolic',
      'diastolic'
    ],
    missingNutrients: [ 'fiber' ],
    availableMarkersCount: 4,
    totalMarkersCount: 15
  }
}
­ƒºá Calculating advanced health score using diet risk formula...
­ƒôè Nutrition data: {
  servingSize: '14g',
  calories: 102,
  totalFat: 11.5,
  saturatedFat: 7.3,
  transFat: 0.5,
  cholesterol: 31,
  sodium: 91,
  totalCarbohydrates: 0,
  sugars: 0,
  protein: 0.1,
  dietaryFiber: undefined
}
­ƒæñ User profile: {
  ldl: 180,
  hdl: 35,
  triglycerides: 200,
  age: 55,
  weight: 80,
  height: 170,
  bmi: 27.7,
  glucose: undefined,
  hba1c: undefined,
  systolic: undefined,
  diastolic: undefined,
  waist: undefined
}
ÔÜÖ´©Å Scoring mode: portion-aware
­ƒôª Parsed serving size: "14g" ÔåÆ 14g
­ƒöì DENSITY DEBUG:
   Original serving: 14g
   Original SFA: 7.3g
   Normalized SFA (per 100g): 52.142857142857146g
   Serving size multiplier: 1.13├ù
­ƒôè RISK CALCULATION:
   Scoring mode: portion-aware
   Total risk (before multiplier): 24.3929
   Adjusted risk (after 1.13├ù multiplier): 27.5396
   Final score (1 - risk): 0.0000 = 0/100
ÔÜá´©Å Low confidence: More than 50% of markers are missing
­ƒôÅ Serving size: 14g ÔåÆ Multiplier: 1.13├ù (portion-aware)
Ô£à Advanced score calculated: {
  overallScore: 0,
  confidence: 0.26666666666666666,
  category: 'Very Poor',
  breakdown: { sugarScore: 100, fatScore: 0, sodiumScore: 100, calorieScore: 0 },
  warnings: [
    '­ƒÜ¿ CRITICAL: Very high LDL cholesterol - saturated fat is extremely dangerous',
    'ÔÜá´©Å Contains trans fat: 0.5g (Should be 0g)',
    '­ƒÜ¿ CRITICAL: Trans fat is especially dangerous with high cholesterol!',
    'ÔÜá´©Å High saturated fat: 7.3g',
    'ÔÜá´©Å Low confidence score - many health markers are missing'
  ],
  recommendations: [
    'ÔØñ´©Å Choose fat-free or very low-fat options - you have very high cholesterol',
    '­ƒÆí Avoid trans fats - they increase heart disease risk',
    '­ƒÆí Choose products with < 1g saturated fat per serving',
    'ÔÜû´©Å Watch portion sizes - your BMI is 27.7 (overweight)',
    '­ƒÆí Complete your health profile for more accurate recommendations'
  ],
  details: {
    markerRisks: {
      ldl: 10.781072448979593,
      hdl: -0.03276316410861865,
      triglycerides: 0.5142857142857142,
      bmi: 0.4459990755537385
    },
    nutrientImpacts: {
      glucose: 0,
      hba1c: 0,
      ldl: 19.42,
      hdl: -1.5485714285714285,
      triglycerides: 3.428571428571429,
ÔÜá´©Å Low confidence: More than 50% of markers are missing
ÔÜá´©Å Low confidence: More than 50% of markers are missing
      alt: 0,
      ast: 0,
      ggt: 0,
      creatinine: 0,
      crp: 4.642857142857142,
      uricAcid: 0,
      bmi: 3.9955357142857144,
      waist: 3.2973214285714283,
      systolic: 1.3,
      diastolic: 1.1375
    },
    missingMarkers: [
      'glucose',   'hba1c',
      'alt',       'ast',
      'ggt',       'creatinine',
      'crp',       'uricAcid',
      'waist',     'systolic',
      'diastolic'
    ],
    missingNutrients: [ 'fiber' ],
    availableMarkersCount: 4,
    totalMarkersCount: 15
  }
}
­ƒºá Calculating advanced health score using diet risk formula...
­ƒôè Nutrition data: {
  servingSize: '140g',
  calories: 330,
  totalFat: 13,
  saturatedFat: 6,
  transFat: 0,
  cholesterol: 30,
  sodium: 760,
  totalCarbohydrates: 39,
  sugars: 4,
  protein: 13,
  dietaryFiber: undefined
}
­ƒæñ User profile: {
  ldl: 180,
  hdl: 35,
  triglycerides: 200,
  age: 55,
  weight: 80,
  height: 170,
  bmi: 27.7,
  glucose: undefined,
  hba1c: undefined,
  systolic: undefined,
  diastolic: undefined,
  waist: undefined
}
ÔÜÖ´©Å Scoring mode: portion-aware
­ƒôª Parsed serving size: "140g" ÔåÆ 140g
­ƒöì DENSITY DEBUG:
   Original serving: 140g
   Original SFA: 6g
   Normalized SFA (per 100g): 4.285714285714286g
   Serving size multiplier: 0.98├ù
­ƒôè RISK CALCULATION:
   Scoring mode: portion-aware
ÔÜá´©Å Low confidence: More than 50% of markers are missing
   Total risk (before multiplier): 2.8660
   Adjusted risk (after 0.98├ù multiplier): 2.8086
   Final score (1 - risk): 0.0000 = 0/100
­ƒôÅ Serving size: 140g ÔåÆ Multiplier: 0.98├ù (portion-aware)
Ô£à Advanced score calculated: {
  overallScore: 0,
  confidence: 0.26666666666666666,
  category: 'Very Poor',
  breakdown: { sugarScore: 100, fatScore: 0, sodiumScore: 100, calorieScore: 0 },
  warnings: [
    '­ƒÜ¿ CRITICAL: Very high LDL cholesterol - saturated fat is extremely dangerous',
    'ÔÜá´©Å High saturated fat: 6g',
    'ÔÜá´©Å Very high sodium: 760mg',
    'ÔÜá´©Å Low confidence score - many health markers are missing'
  ],
  recommendations: [
    'ÔØñ´©Å Choose fat-free or very low-fat options - you have very high cholesterol',
    '­ƒÆí Choose products with < 1g saturated fat per serving',
    '­ƒÆí Look for "low sodium" (< 140mg) or "no salt added" options',
    'ÔÜû´©Å Watch portion sizes - your BMI is 27.7 (overweight)',
    '­ƒÆí Complete your health profile for more accurate recommendations'
  ],
  details: {
    markerRisks: {
      ldl: 0.9033133381924198,
      hdl: -0.00012089728453364757,
      triglycerides: 0.22592857142857142,
      bmi: 0.24653699364501258
    },
    nutrientImpacts: {
      glucose: 2.715238095238095,
      hba1c: 1.6666666666666667,
      ldl: 1.627142857142857,
      hdl: -0.005714285714285686,
      triglycerides: 1.5061904761904763,
      alt: 0,
      ast: 0,
      ggt: 0,
      creatinine: 0,
      crp: 0.7142857142857142,
      uricAcid: 0,
      bmi: 2.2086309523809526,
      waist: 1.8461309523809524,
      systolic: 1.0857142857142859,
      diastolic: 0.9500000000000002
    },
    missingMarkers: [
      'glucose',   'hba1c',
      'alt',       'ast',
      'ggt',       'creatinine',
      'crp',       'uricAcid',
      'waist',     'systolic',
      'diastolic'
    ],
    missingNutrients: [ 'fiber' ],
    availableMarkersCount: 4,
    totalMarkersCount: 15
  }
}
­ƒºá Calculating advanced health score using diet risk formula...
­ƒôè Nutrition data: {
  servingSize: '28g',
  calories: 114,
  totalFat: 9.4,
  saturatedFat: 6,
  transFat: 0,
  cholesterol: 30,
  sodium: 176,
  totalCarbohydrates: 0.4,
  sugars: 0.1,
  protein: 7,
  dietaryFiber: undefined
}
­ƒæñ User profile: {
  ldl: 180,
  hdl: 35,
  triglycerides: 200,
  age: 55,
  weight: 80,
  height: 170,
  bmi: 27.7,
  glucose: undefined,
  hba1c: undefined,
  systolic: undefined,
  diastolic: undefined,
  waist: undefined
}
ÔÜÖ´©Å Scoring mode: portion-aware
­ƒôª Parsed serving size: "28g" ÔåÆ 28g
­ƒöì DENSITY DEBUG:
   Original serving: 28g
   Original SFA: 6g
   Normalized SFA (per 100g): 21.42857142857143g
   Serving size multiplier: 1.11├ù
­ƒôè RISK CALCULATION:
   Scoring mode: portion-aware
   Total risk (before multiplier): 8.2770
   Adjusted risk (after 1.11├ù multiplier): 9.1710
   Final score (1 - risk): 0.0000 = 0/100
­ƒôÅ Serving size: 28g ÔåÆ Multiplier: 1.11├ù (portion-aware)
Ô£à Advanced score calculated: {
  overallScore: 0,
  confidence: 0.26666666666666666,
  category: 'Very Poor',
  breakdown: { sugarScore: 100, fatScore: 0, sodiumScore: 100, calorieScore: 0 },
  warnings: [
    '­ƒÜ¿ CRITICAL: Very high LDL cholesterol - saturated fat is extremely dangerous',
    'ÔÜá´©Å High saturated fat: 6g',
    'ÔÜá´©Å Low confidence score - many health markers are missing'
  ],
  recommendations: [
    'ÔØñ´©Å Choose fat-free or very low-fat options - you have very high cholesterol',
    '­ƒÆí Choose products with < 1g saturated fat per serving',
    'ÔÜû´©Å Watch portion sizes - your BMI is 27.7 (overweight)',
    '­ƒÆí Complete your health profile for more accurate recommendations'
  ],
  details: {
    markerRisks: {
      ldl: 3.399519424198252,
      hdl: -0.004956788665879575,
      triglycerides: 0.23912499999999998,
      bmi: 0.3392915127471382
    },
    nutrientImpacts: {
      glucose: 0.3147619047619048,
      hba1c: 0.20833333333333337,
      ldl: 6.123571428571429,
      hdl: -0.23428571428571424,
      triglycerides: 1.5941666666666665,
      alt: 0,
      ast: 0,
      ggt: 0,
      creatinine: 0,
      crp: 1.830357142857143,
      uricAcid: 0,
      bmi: 3.039583333333333,
      waist: 2.529226190476191,
      systolic: 1.2571428571428571,
      diastolic: 1.1
    },
    missingMarkers: [
      'glucose',   'hba1c',
      'alt',       'ast',
      'ggt',       'creatinine',
      'crp',       'uricAcid',
      'waist',     'systolic',
      'diastolic'
    ],
    missingNutrients: [ 'fiber' ],
    availableMarkersCount: 4,
    totalMarkersCount: 15
  }
}
­ƒºá Calculating advanced health score using diet risk formula...
­ƒôè Nutrition data: {
  servingSize: '158g',
  calories: 205,
  totalFat: 0.4,
  saturatedFat: 0.1,
  transFat: 0,
  cholesterol: 0,
  sodium: 1,
  totalCarbohydrates: 45,
ÔÜá´©Å Low confidence: More than 50% of markers are missing
ÔÜá´©Å Low confidence: More than 50% of markers are missing
  sugars: 0.1,
  protein: 4.3,
  dietaryFiber: 0.6
}
­ƒæñ User profile: {
  ldl: 180,
  hdl: 35,
  triglycerides: 200,
  age: 55,
  weight: 80,
  height: 170,
  bmi: 27.7,
  glucose: undefined,
  hba1c: undefined,
  systolic: undefined,
  diastolic: undefined,
  waist: undefined
}
ÔÜÖ´©Å Scoring mode: portion-aware
­ƒôª Parsed serving size: "158g" ÔåÆ 158g
­ƒöì DENSITY DEBUG:
   Original serving: 158g
   Original SFA: 0.1g
   Normalized SFA (per 100g): 0.06329113924050633g
   Serving size multiplier: 0.97├ù
­ƒôè RISK CALCULATION:
   Scoring mode: portion-aware
   Total risk (before multiplier): 0.3453
   Adjusted risk (after 0.97├ù multiplier): 0.3353
   Final score (1 - risk): 0.6647 = 66/100
­ƒôÅ Serving size: 158g ÔåÆ Multiplier: 0.97├ù (portion-aware)
Ô£à Advanced score calculated: {
  overallScore: 66,
  confidence: 0.26666666666666666,
  category: 'Good',
  breakdown: { sugarScore: 100, fatScore: 96, sodiumScore: 100, calorieScore: 48 },
  warnings: [
    '­ƒÜ¿ CRITICAL: Very high LDL cholesterol - saturated fat is extremely dangerous',
    'ÔÜá´©Å Low confidence score - many health markers are missing'
  ],
  recommendations: [
    'ÔØñ´©Å Choose fat-free or very low-fat options - you have very high cholesterol',
    'ÔÜû´©Å Watch portion sizes - your BMI is 27.7 (overweight)',
    '­ƒÆí Complete your health profile for more accurate recommendations'
  ],
  details: {
    markerRisks: {
      ldl: 0.006980405579953503,
      hdl: 0.00003749346165916939,
      triglycerides: 0.05574367088607596,
      bmi: 0.10300231060406483
    },
    nutrientImpacts: {
      glucose: 0.3793248945147679,
      hba1c: 0.0369198312236287,
      ldl: 0.01257383966244726,
      hdl: 0.001772151898734178,
      triglycerides: 0.3716244725738397,
      alt: 0,
      ast: 0,
      ggt: 0,
      creatinine: 0,
      crp: 0.01318565400843882,
      uricAcid: 0,
      bmi: 0.9227584388185655,
      waist: 0.701081223628692,
      systolic: 0.0012658227848101266,
      diastolic: 0.0011075949367088608
    },
    missingMarkers: [
      'glucose',   'hba1c',
      'alt',       'ast',
      'ggt',       'creatinine',
      'crp',       'uricAcid',
      'waist',     'systolic',
      'diastolic'
    ],
    missingNutrients: [],
    availableMarkersCount: 4,
    totalMarkersCount: 15
  }
}
­ƒºá Calculating advanced health score using diet risk formula...
­ƒôè Nutrition data: {
  servingSize: '100g',
  calories: 165,
  totalFat: 3.6,
  saturatedFat: 1,
  transFat: 0,
  cholesterol: 85,
  sodium: 74,
  totalCarbohydrates: 0,
  sugars: 0,
  protein: 31,
  dietaryFiber: undefined
}
­ƒæñ User profile: {
  ldl: 180,
  hdl: 35,
  triglycerides: 200,
  age: 55,
  weight: 80,
  height: 170,
  bmi: 27.7,
  glucose: undefined,
  hba1c: undefined,
  systolic: undefined,
  diastolic: undefined,
  waist: undefined
}
ÔÜÖ´©Å Scoring mode: portion-aware
­ƒôª Parsed serving size: "100g" ÔåÆ 100g
­ƒöì DENSITY DEBUG:
   Original serving: 100g
   Original SFA: 1g
ÔÜá´©Å Low confidence: More than 50% of markers are missing
   Normalized SFA (per 100g): 1g
   Serving size multiplier: 1.00├ù
­ƒôè RISK CALCULATION:
   Scoring mode: portion-aware
   Total risk (before multiplier): 0.9102
   Adjusted risk (after 1.00├ù multiplier): 0.9102
   Final score (1 - risk): 0.0898 = 9/100
­ƒôÅ Serving size: 100g ÔåÆ Multiplier: 1.00├ù (portion-aware)
Ô£à Advanced score calculated: {
  overallScore: 9,
  confidence: 0.26666666666666666,
  category: 'Very Poor',
  breakdown: { sugarScore: 100, fatScore: 0, sodiumScore: 100, calorieScore: 62 },
  warnings: [
    '­ƒÜ¿ CRITICAL: Very high LDL cholesterol - saturated fat is extremely dangerous',
    'ÔÜá´©Å Low confidence score - many health markers are missing'
  ],
  recommendations: [
    'ÔØñ´©Å Choose fat-free or very low-fat options - you have very high cholesterol',
    'ÔÜû´©Å Watch portion sizes - your BMI is 27.7 (overweight)',
    '­ƒÆí Complete your health profile for more accurate recommendations'
  ],
  details: {
    markerRisks: {
      ldl: 0.3281324693877551,
      hdl: 0.0004569917355371902,
      triglycerides: 0.03225,
      bmi: 0.07604408818938604
    },
    nutrientImpacts: {
      glucose: 0,
      hba1c: 0,
      ldl: 0.5910666666666666,
      hdl: 0.021600000000000005,
      triglycerides: 0.21500000000000002,
      alt: 0,
      ast: 0,
      ggt: 0,
      creatinine: 0,
      crp: 0.08333333333333333,
      uricAcid: 0,
      bmi: 0.6812500000000001,
      waist: 0.5277500000000002,
      systolic: 0.148,
      diastolic: 0.1295
    },
    missingMarkers: [
      'glucose',   'hba1c',
      'alt',       'ast',
      'ggt',       'creatinine',
      'crp',       'uricAcid',
      'waist',     'systolic',
      'diastolic'
    ],
    missingNutrients: [ 'fiber' ],
    availableMarkersCount: 4,
    totalMarkersCount: 15
  }
}
­ƒºá Calculating advanced health score using diet risk formula...
­ƒôè Nutrition data: {
  servingSize: '234g',
  calories: 166,
  totalFat: 3.6,
  saturatedFat: 0.7,
  transFat: 0,
  cholesterol: 0,
  sodium: 9,
  totalCarbohydrates: 28,
  sugars: 0.6,
  protein: 6,
  dietaryFiber: 4
}
­ƒæñ User profile: {
  ldl: 180,
  hdl: 35,
  triglycerides: 200,
  age: 55,
  weight: 80,
  height: 170,
  bmi: 27.7,
  glucose: undefined,
  hba1c: undefined,
  systolic: undefined,
  diastolic: undefined,
  waist: undefined
}
ÔÜÖ´©Å Scoring mode: portion-aware
­ƒôª Parsed serving size: "234g" ÔåÆ 234g
­ƒöì DENSITY DEBUG:
   Original serving: 234g
   Original SFA: 0.7g
   Normalized SFA (per 100g): 0.29914529914529914g
   Serving size multiplier: 0.95├ù
­ƒôè RISK CALCULATION:
   Scoring mode: portion-aware
   Total risk (before multiplier): 0.2442
   Adjusted risk (after 0.95├ù multiplier): 0.2320
   Final score (1 - risk): 0.7680 = 77/100
­ƒôÅ Serving size: 234g ÔåÆ Multiplier: 0.95├ù (portion-aware)
Ô£à Advanced score calculated: {
  overallScore: 77,
  confidence: 0.26666666666666666,
  category: 'Good',
  breakdown: { sugarScore: 100, fatScore: 85, sodiumScore: 100, calorieScore: 73 },
  warnings: [
    '­ƒÜ¿ CRITICAL: Very high LDL cholesterol - saturated fat is extremely dangerous',
    'ÔÜá´©Å Low confidence score - many health markers are missing'
  ],
  recommendations: [
    'ÔØñ´©Å Choose fat-free or very low-fat options - you have very high cholesterol',
    'ÔÜû´©Å Watch portion sizes - your BMI is 27.7 (overweight)',
    '­ƒÆí Complete your health profile for more accurate recommendations'
  ],
  details: {
    markerRisks: {
      ldl: 0.029877040816326528,
      hdl: 0.0002929434202161475,
      triglycerides: 0.03333333333333333,
      bmi: 0.05370530497078362
    },
    nutrientImpacts: {
      glucose: 0.28888888888888886,
      hba1c: 0.14957264957264954,
      ldl: 0.053817663817663806,
      hdl: 0.013846153846153848,
      triglycerides: 0.2222222222222222,
      alt: 0,
      ast: 0,
      ggt: 0,
      creatinine: 0,
      crp: 0.05698005698005698,
      uricAcid: 0,
      bmi: 0.4811253561253561,
      waist: 0.4098717948717948,
      systolic: 0.007692307692307692,
      diastolic: 0.00673076923076923
    },
    missingMarkers: [
      'glucose',   'hba1c',
      'alt',       'ast',
      'ggt',       'creatinine',
ÔÜá´©Å NUTRITIONAL EMPTINESS PENALTY: protein=0, fiber=0, 39.43661971830986cal
ÔÜá´©Å Low confidence: More than 50% of markers are missing
      'crp',       'uricAcid',
      'waist',     'systolic',
      'diastolic'
    ],
    missingNutrients: [],
    availableMarkersCount: 4,
    totalMarkersCount: 15
  }
}
­ƒºá Calculating advanced health score using diet risk formula...
­ƒôè Nutrition data: {
  servingSize: '100g',
  calories: 206,
  totalFat: 13,
  saturatedFat: 2.5,
  transFat: 0,
  cholesterol: 63,
  sodium: 59,
  totalCarbohydrates: 0,
  sugars: 0,
  protein: 22,
  dietaryFiber: 0
}
­ƒæñ User profile: {
  ldl: 180,
  hdl: 35,
  triglycerides: 200,
  age: 55,
  weight: 80,
  height: 170,
  bmi: 27.7,
  glucose: undefined,
  hba1c: undefined,
  systolic: undefined,
  diastolic: undefined,
  waist: undefined
}
ÔÜÖ´©Å Scoring mode: portion-aware
­ƒôª Parsed serving size: "100g" ÔåÆ 100g
­ƒöì DENSITY DEBUG:
   Original serving: 100g
   Original SFA: 2.5g
   Normalized SFA (per 100g): 2.5g
   Serving size multiplier: 1.00├ù
­ƒôè RISK CALCULATION:
   Scoring mode: portion-aware
   Total risk (before multiplier): 1.3349
   Adjusted risk (after 1.00├ù multiplier): 1.3349
   Final score (1 - risk): 0.0000 = 0/100
­ƒôÅ Serving size: 100g ÔåÆ Multiplier: 1.00├ù (portion-aware)
Ô£à Advanced score calculated: {
  overallScore: 0,
  confidence: 0.26666666666666666,
  category: 'Very Poor',
  breakdown: { sugarScore: 100, fatScore: 0, sodiumScore: 100, calorieScore: 43 },
  warnings: [
    '­ƒÜ¿ CRITICAL: Very high LDL cholesterol - saturated fat is extremely dangerous',
    'ÔÜá´©Å Low confidence score - many health markers are missing'
  ],
  recommendations: [
    'ÔØñ´©Å Choose fat-free or very low-fat options - you have very high cholesterol',
    'ÔÜû´©Å Watch portion sizes - your BMI is 27.7 (overweight)',
    '­ƒÆí Complete your health profile for more accurate recommendations'
  ],
  details: {
    markerRisks: {
      ldl: 0.4750259693877551,
      hdl: 0.002496528925619835,
      triglycerides: 0.049649999999999986,
      bmi: 0.11357777575442245
    },
    nutrientImpacts: {
      glucose: 0,
      hba1c: 0,
      ldl: 0.8556666666666666,
      hdl: 0.11800000000000002,
      triglycerides: 0.33099999999999996,
      alt: 0,
      ast: 0,
      ggt: 0,
      creatinine: 0,
      crp: 0.20833333333333331,
      uricAcid: 0,
      bmi: 1.0175,
      waist: 0.7840999999999999,
      systolic: 0.118,
      diastolic: 0.10325
    },
    missingMarkers: [
      'glucose',   'hba1c',
      'alt',       'ast',
      'ggt',       'creatinine',
      'crp',       'uricAcid',
      'waist',     'systolic',
      'diastolic'
    ],
    missingNutrients: [],
    availableMarkersCount: 4,
    totalMarkersCount: 15
  }
}
­ƒôè RESULTS (Expected Rank Order):
ÔöÇÔöÇÔöÇÔöÇÔöÇÔöÇÔöÇÔöÇÔöÇÔöÇÔöÇÔöÇÔöÇÔöÇÔöÇÔöÇÔöÇÔöÇÔöÇÔöÇÔöÇÔöÇÔöÇÔöÇÔöÇÔöÇÔöÇÔöÇÔöÇÔöÇÔöÇÔöÇÔöÇÔöÇÔöÇÔöÇÔöÇÔöÇÔöÇÔöÇÔöÇÔöÇÔöÇÔöÇÔöÇÔöÇÔöÇÔöÇÔöÇÔöÇÔöÇÔöÇÔöÇÔöÇÔöÇÔöÇÔöÇÔöÇÔöÇÔöÇÔöÇÔöÇÔöÇÔöÇÔöÇÔöÇÔöÇÔöÇÔöÇÔöÇÔöÇÔöÇÔöÇÔöÇÔöÇÔöÇÔöÇÔöÇÔöÇÔöÇ
Rank | Food                          | Score | Category  | Match?
ÔöÇÔöÇÔöÇÔöÇÔöÇÔöÇÔöÇÔöÇÔöÇÔöÇÔöÇÔöÇÔöÇÔöÇÔöÇÔöÇÔöÇÔöÇÔöÇÔöÇÔöÇÔöÇÔöÇÔöÇÔöÇÔöÇÔöÇÔöÇÔöÇÔöÇÔöÇÔöÇÔöÇÔöÇÔöÇÔöÇÔöÇÔöÇÔöÇÔöÇÔöÇÔöÇÔöÇÔöÇÔöÇÔöÇÔöÇÔöÇÔöÇÔöÇÔöÇÔöÇÔöÇÔöÇÔöÇÔöÇÔöÇÔöÇÔöÇÔöÇÔöÇÔöÇÔöÇÔöÇÔöÇÔöÇÔöÇÔöÇÔöÇÔöÇÔöÇÔöÇÔöÇÔöÇÔöÇÔöÇÔöÇÔöÇÔöÇÔöÇ
1    | Fried Chicken (with skin)      | 0     | Very Poor  | ÔØî (actual: 4)
2    | Butter (salted)                | 0     | Very Poor  | ÔØî (actual: 5)
3    | Pepperoni Pizza (frozen)       | 0     | Very Poor  | ÔØî (actual: 6)
4    | Cheddar Cheese                 | 0     | Very Poor  | ÔØî (actual: 7)
5    | White Rice (cooked)            | 66    | Good       | ÔØî (actual: 2)
6    | Grilled Chicken Breast (skinless) | 9     | Very Poor  | ÔØî (actual: 3)
7    | Oatmeal (cooked with water)    | 77    | Good       | ÔØî (actual: 1)
8    | Salmon (grilled)               | 0     | Very Poor  | Ô£à (actual: 8)
ÔöÇÔöÇÔöÇÔöÇÔöÇÔöÇÔöÇÔöÇÔöÇÔöÇÔöÇÔöÇÔöÇÔöÇÔöÇÔöÇÔöÇÔöÇÔöÇÔöÇÔöÇÔöÇÔöÇÔöÇÔöÇÔöÇÔöÇÔöÇÔöÇÔöÇÔöÇÔöÇÔöÇÔöÇÔöÇÔöÇÔöÇÔöÇÔöÇÔöÇÔöÇÔöÇÔöÇÔöÇÔöÇÔöÇÔöÇÔöÇÔöÇÔöÇÔöÇÔöÇÔöÇÔöÇÔöÇÔöÇÔöÇÔöÇÔöÇÔöÇÔöÇÔöÇÔöÇÔöÇÔöÇÔöÇÔöÇÔöÇÔöÇÔöÇÔöÇÔöÇÔöÇÔöÇÔöÇÔöÇÔöÇÔöÇÔöÇÔöÇ

Ô£¿ Accuracy: 1/8 (12.5%)

ÔØî RANKING ERRORS (7):
   ÔÇó Fried Chicken (with skin)
     Expected: 1, Got: 4 (SCORED TOO LOW)
   ÔÇó Butter (salted)
     Expected: 2, Got: 5 (SCORED TOO LOW)
   ÔÇó Pepperoni Pizza (frozen)
     Expected: 3, Got: 6 (SCORED TOO LOW)
   ÔÇó Cheddar Cheese
     Expected: 4, Got: 7 (SCORED TOO LOW)
   ÔÇó White Rice (cooked)
     Expected: 5, Got: 2 (SCORED TOO HIGH)
   ÔÇó Grilled Chicken Breast (skinless)
ÔÜá´©Å Low confidence: More than 50% of markers are missing
     Expected: 6, Got: 3 (SCORED TOO HIGH)
   ÔÇó Oatmeal (cooked with water)
     Expected: 7, Got: 1 (SCORED TOO HIGH)

­ƒôï DETAILED ANALYSIS:
ÔöÇÔöÇÔöÇÔöÇÔöÇÔöÇÔöÇÔöÇÔöÇÔöÇÔöÇÔöÇÔöÇÔöÇÔöÇÔöÇÔöÇÔöÇÔöÇÔöÇÔöÇÔöÇÔöÇÔöÇÔöÇÔöÇÔöÇÔöÇÔöÇÔöÇÔöÇÔöÇÔöÇÔöÇÔöÇÔöÇÔöÇÔöÇÔöÇÔöÇÔöÇÔöÇÔöÇÔöÇÔöÇÔöÇÔöÇÔöÇÔöÇÔöÇÔöÇÔöÇÔöÇÔöÇÔöÇÔöÇÔöÇÔöÇÔöÇÔöÇÔöÇÔöÇÔöÇÔöÇÔöÇÔöÇÔöÇÔöÇÔöÇÔöÇÔöÇÔöÇÔöÇÔöÇÔöÇÔöÇÔöÇÔöÇÔöÇÔöÇ

­ƒÜ½ WORST: Fried Chicken (with skin) (Score: 0/100)
   Expected: Rank 1, Got: Rank 4
   Reasoning: High saturated fat + trans fat + high cholesterol = very dangerous for high LDL
   Breakdown: Sugar=100, Fat=0, Sodium=100, Calorie=0
   Warnings: ­ƒÜ¿ CRITICAL: Very high LDL cholesterol - saturated fat is extremely dangerous | ÔÜá´©Å Contains trans fat: 0.5g (Should be 0g) | ­ƒÜ¿ CRITICAL: Trans fat is especially dangerous with high cholesterol! | ÔÜá´©Å Low confidence score - many health markers are missing

Ô£à BEST: Salmon (grilled) (Score: 0/100)
   Expected: Rank 8, Got: Rank 8
   Reasoning: Omega-3 fatty acids (unsaturated), low saturated fat, high protein - BEST for cholesterol
   Breakdown: Sugar=100, Fat=0, Sodium=100, Calorie=43

================================================================================
­ƒÅÑ TESTING: Diabetic Patient
================================================================================
­ƒôï Description: Fasting glucose 145 mg/dL, HbA1c 7.5%
ÔÜá´©Å  Risk factors: Blood sugar spikes, complications
­ƒÄ» Priority nutrients: sugars, totalCarbohydrates, calories

­ƒºá Calculating advanced health score using diet risk formula...
­ƒôè Nutrition data: {
  servingSize: '355ml',
  calories: 140,
  totalFat: 0,
  saturatedFat: 0,
  transFat: 0,
  cholesterol: 0,
  sodium: 45,
  totalCarbohydrates: 39,
  sugars: 39,
  protein: 0,
  dietaryFiber: 0
}
­ƒæñ User profile: {
  glucose: 145,
  hba1c: 7.5,
  triglycerides: 180,
  age: 50,
  weight: 90,
  height: 175,
  bmi: 29.4,
  ldl: undefined,
  hdl: undefined,
  systolic: undefined,
  diastolic: undefined,
  waist: undefined
}
ÔÜÖ´©Å Scoring mode: portion-aware
­ƒôª Parsed serving size: "355ml" ÔåÆ 355ml ÔåÆ 355g (liquid)
­ƒöì DENSITY DEBUG:
   Original serving: 355g
   Original SFA: 0g
   Normalized SFA (per 100g): 0g
   Serving size multiplier: 0.95├ù
   Score before penalty: 0/100
   Score after 25% penalty: 0/100
­ƒôè RISK CALCULATION:
   Scoring mode: portion-aware
   Total risk (before multiplier): 9.5536
   Adjusted risk (after 0.95├ù multiplier): 9.0759
   Final score (1 - risk): 0.0000 = 0/100
­ƒôÅ Serving size: 355g ÔåÆ Multiplier: 0.95├ù (portion-aware)
Ô£à Advanced score calculated: {
  overallScore: 0,
  confidence: 0.26666666666666666,
  category: 'Very Poor',
  breakdown: { sugarScore: 0, fatScore: 100, sodiumScore: 100, calorieScore: 0 },
  warnings: [
    '­ƒÜ¿ CRITICAL: You have diabetes - sugar intake must be strictly limited',
    'ÔÜá´©Å Very high sugar: 39g',
    'ÔÜá´©Å Low confidence score - many health markers are missing'
  ],
  recommendations: [
    '­ƒ®© Choose sugar-free options - you have diabetes',
    '­ƒÆí Look for "no added sugar" or "sugar-free" alternatives',
    'ÔÜû´©Å Watch portion sizes - your BMI is 29.4 (overweight)',
    '­ƒÆí Complete your health profile for more accurate recommendations'
  ],
  details: {
    markerRisks: {
      glucose: 2.5687294843440807,
      hba1c: 1.3671361502347417,
      triglycerides: 0.3984532957746479,
      bmi: 0.34692082484501174
    },
    nutrientImpacts: {
      glucose: 9.286760563380282,
      hba1c: 6.408450704225353,
      ldl: 1.6478873239436622,
      hdl: 0,
      triglycerides: 3.331549295774648,
      alt: 0,
      ast: 0,
      ggt: 0,
      creatinine: 0,
      crp: 1.3732394366197185,
      uricAcid: 0,
      bmi: 2.5957746478873243,
      waist: 2.518591549295775,
      systolic: 0.02535211267605634,
      diastolic: 0.022183098591549297
    },
    missingMarkers: [
      'ldl',       'hdl',
      'alt',       'ast',
      'ggt',       'creatinine',
      'crp',       'uricAcid',
ÔÜá´©Å Low confidence: More than 50% of markers are missing
      'waist',     'systolic',
      'diastolic'
    ],
    missingNutrients: [ 'unsatFat' ],
    availableMarkersCount: 4,
    totalMarkersCount: 15
  }
}
­ƒºá Calculating advanced health score using diet risk formula...
­ƒôè Nutrition data: {
  servingSize: '60g',
  calories: 260,
  totalFat: 14,
  saturatedFat: 6,
  transFat: 0,
  cholesterol: 10,
  sodium: 180,
  totalCarbohydrates: 31,
  sugars: 12,
  protein: 3,
  dietaryFiber: 0.5
}
­ƒæñ User profile: {
  glucose: 145,
  hba1c: 7.5,
  triglycerides: 180,
  age: 50,
  weight: 90,
  height: 175,
  bmi: 29.4,
  ldl: undefined,
  hdl: undefined,
  systolic: undefined,
  diastolic: undefined,
  waist: undefined
}
ÔÜÖ´©Å Scoring mode: portion-aware
­ƒôª Parsed serving size: "60g" ÔåÆ 60g
­ƒöì DENSITY DEBUG:
   Original serving: 60g
   Original SFA: 6g
   Normalized SFA (per 100g): 10g
ÔÜá´©Å Low confidence: More than 50% of markers are missing
   Serving size multiplier: 1.06├ù
­ƒôè RISK CALCULATION:
   Scoring mode: portion-aware
   Total risk (before multiplier): 11.7382
   Adjusted risk (after 1.06├ù multiplier): 12.4425
   Final score (1 - risk): 0.0000 = 0/100
­ƒôÅ Serving size: 60g ÔåÆ Multiplier: 1.06├ù (portion-aware)
Ô£à Advanced score calculated: {
  overallScore: 0,
  confidence: 0.26666666666666666,
  category: 'Very Poor',
  breakdown: { sugarScore: 0, fatScore: 100, sodiumScore: 100, calorieScore: 0 },
  warnings: [
    '­ƒÜ¿ CRITICAL: You have diabetes - sugar intake must be strictly limited',
    'ÔÜá´©Å High saturated fat: 6g',
    'ÔÜá´©Å Low confidence score - many health markers are missing'
  ],
  recommendations: [
    '­ƒ®© Choose sugar-free options - you have diabetes',
    '­ƒÆí Choose products with < 1g saturated fat per serving',
    'ÔÜû´©Å Watch portion sizes - your BMI is 29.4 (overweight)',
    '­ƒÆí Complete your health profile for more accurate recommendations'
  ],
  details: {
    markerRisks: {
      glucose: 2.9282851239669414,
      hba1c: 1.4933333333333332,
      triglycerides: 0.5776680000000001,
      bmi: 0.7524212712452306
    },
    nutrientImpacts: {
      glucose: 10.586666666666666,
      hba1c: 7,
      ldl: 4.4255555555555555,
      hdl: 0.013333333333333364,
      triglycerides: 4.83,
      alt: 0,
      ast: 0,
      ggt: 0,
      creatinine: 0,
      crp: 2.333333333333333,
      uricAcid: 0,
      bmi: 5.629861111111111,
      waist: 4.954583333333334,
      systolic: 0.6,
      diastolic: 0.525
    },
    missingMarkers: [
      'ldl',       'hdl',
      'alt',       'ast',
      'ggt',       'creatinine',
      'crp',       'uricAcid',
      'waist',     'systolic',
      'diastolic'
    ],
    missingNutrients: [],
    availableMarkersCount: 4,
    totalMarkersCount: 15
  }
}
­ƒºá Calculating advanced health score using diet risk formula...
­ƒôè Nutrition data: {
  servingSize: '240ml',
  calories: 110,
  totalFat: 0,
  saturatedFat: 0,
  transFat: 0,
  cholesterol: 0,
  sodium: 5,
  totalCarbohydrates: 26,
  sugars: 22,
  protein: 2,
  dietaryFiber: 0.5
}
­ƒæñ User profile: {
  glucose: 145,
  hba1c: 7.5,
  triglycerides: 180,
  age: 50,
  weight: 90,
  height: 175,
  bmi: 29.4,
  ldl: undefined,
  hdl: undefined,
  systolic: undefined,
  diastolic: undefined,
  waist: undefined
}
ÔÜÖ´©Å Scoring mode: portion-aware
­ƒôª Parsed serving size: "240ml" ÔåÆ 240ml ÔåÆ 240g (liquid)
­ƒöì DENSITY DEBUG:
   Original serving: 240g
   Original SFA: 0g
   Normalized SFA (per 100g): 0g
   Serving size multiplier: 0.95├ù
­ƒôè RISK CALCULATION:
   Scoring mode: portion-aware
   Total risk (before multiplier): 8.0027
   Adjusted risk (after 0.95├ù multiplier): 7.6026
   Final score (1 - risk): 0.0000 = 0/100
­ƒôÅ Serving size: 240g ÔåÆ Multiplier: 0.95├ù (portion-aware)
Ô£à Advanced score calculated: {
  overallScore: 0,
  confidence: 0.26666666666666666,
  category: 'Very Poor',
  breakdown: { sugarScore: 0, fatScore: 100, sodiumScore: 100, calorieScore: 0 },
  warnings: [
    '­ƒÜ¿ CRITICAL: You have diabetes - sugar intake must be strictly limited',
    'ÔÜá´©Å Very high sugar: 22g',
    'ÔÜá´©Å Low confidence score - many health markers are missing'
  ],
  recommendations: [
    '­ƒ®© Choose sugar-free options - you have diabetes',
    '­ƒÆí Look for "no added sugar" or "sugar-free" alternatives',
    'ÔÜû´©Å Watch portion sizes - your BMI is 29.4 (overweight)',
    '­ƒÆí Complete your health profile for more accurate recommendations'
  ],
  details: {
    markerRisks: {
      glucose: 2.146579287190082,
      hba1c: 1.1407407407407404,
      triglycerides: 0.3351125555555556,
      bmi: 0.29889881633714876
    },
    nutrientImpacts: {
      glucose: 7.760555555555555,
      hba1c: 5.347222222222222,
      ldl: 1.3680555555555558,
      hdl: 0,
      triglycerides: 2.8019444444444446,
      alt: 0,
      ast: 0,
      ggt: 0,
      creatinine: 0,
ÔÜá´©Å Low confidence: More than 50% of markers are missing
      crp: 1.1458333333333335,
      uricAcid: 0,
      bmi: 2.236458333333333,
      waist: 2.1582638888888894,
      systolic: 0.004166666666666667,
      diastolic: 0.0036458333333333334
    },
    missingMarkers: [
      'ldl',       'hdl',
      'alt',       'ast',
      'ggt',       'creatinine',
      'crp',       'uricAcid',
      'waist',     'systolic',
      'diastolic'
    ],
    missingNutrients: [ 'unsatFat' ],
    availableMarkersCount: 4,
    totalMarkersCount: 15
  }
}
­ƒºá Calculating advanced health score using diet risk formula...
­ƒôè Nutrition data: {
  servingSize: '29g',
  calories: 79,
ÔÜá´©Å Low confidence: More than 50% of markers are missing
  totalFat: 1,
  saturatedFat: 0.2,
  transFat: 0,
  cholesterol: 0,
  sodium: 147,
  totalCarbohydrates: 15,
  sugars: 1.5,
  protein: 2.7,
  dietaryFiber: 0.8
}
­ƒæñ User profile: {
  glucose: 145,
  hba1c: 7.5,
  triglycerides: 180,
  age: 50,
  weight: 90,
  height: 175,
  bmi: 29.4,
  ldl: undefined,
  hdl: undefined,
  systolic: undefined,
  diastolic: undefined,
  waist: undefined
}
ÔÜÖ´©Å Scoring mode: portion-aware
­ƒôª Parsed serving size: "29g" ÔåÆ 29g
­ƒöì DENSITY DEBUG:
   Original serving: 29g
   Original SFA: 0.2g
   Normalized SFA (per 100g): 0.6896551724137931g
   Serving size multiplier: 1.11├ù
­ƒôè RISK CALCULATION:
   Scoring mode: portion-aware
   Total risk (before multiplier): 5.3455
   Adjusted risk (after 1.11├ù multiplier): 5.9148
   Final score (1 - risk): 0.0000 = 0/100
­ƒôÅ Serving size: 29g ÔåÆ Multiplier: 1.11├ù (portion-aware)
Ô£à Advanced score calculated: {
  overallScore: 0,
  confidence: 0.26666666666666666,
  category: 'Very Poor',
  breakdown: { sugarScore: 0, fatScore: 100, sodiumScore: 100, calorieScore: 0 },
  warnings: [
    '­ƒÜ¿ CRITICAL: You have diabetes - sugar intake must be strictly limited',
    'ÔÜá´©Å Low confidence score - many health markers are missing'
  ],
  recommendations: [
    '­ƒ®© Choose sugar-free options - you have diabetes',
    'ÔÜû´©Å Watch portion sizes - your BMI is 29.4 (overweight)',
    '­ƒÆí Complete your health profile for more accurate recommendations'
  ],
  details: {
    markerRisks: {
      glucose: 1.3334087346822454,
      hba1c: 0.6436781609195401,
      triglycerides: 0.2600268965517242,
      bmi: 0.3821841634073701
    },
    nutrientImpacts: {
      glucose: 4.820689655172414,
      hba1c: 3.017241379310345,
      ldl: 0.851264367816092,
      hdl: 0.030344827586206907,
      triglycerides: 2.174137931034483,
      alt: 0,
      ast: 0,
      ggt: 0,
      creatinine: 0,
      crp: 0.7040229885057472,
      uricAcid: 0,
      bmi: 2.859626436781609,
      waist: 2.4716379310344827,
      systolic: 1.013793103448276,
      diastolic: 0.8870689655172415
    },
    missingMarkers: [
      'ldl',       'hdl',
      'alt',       'ast',
      'ggt',       'creatinine',
      'crp',       'uricAcid',
      'waist',     'systolic',
ÔÜá´©Å Low confidence: More than 50% of markers are missing
      'diastolic'
    ],
    missingNutrients: [],
    availableMarkersCount: 4,
    totalMarkersCount: 15
  }
}
­ƒºá Calculating advanced health score using diet risk formula...
­ƒôè Nutrition data: {
  servingSize: '195g',
  calories: 218,
  totalFat: 1.6,
  saturatedFat: 0.4,
  transFat: 0,
  cholesterol: 0,
  sodium: 2,
  totalCarbohydrates: 45,
  sugars: 0.7,
  protein: 4.5,
  dietaryFiber: 3.5
}
­ƒæñ User profile: {
  glucose: 145,
  hba1c: 7.5,
  triglycerides: 180,
  age: 50,
  weight: 90,
  height: 175,
  bmi: 29.4,
  ldl: undefined,
  hdl: undefined,
  systolic: undefined,
  diastolic: undefined,
  waist: undefined
}
ÔÜÖ´©Å Scoring mode: portion-aware
­ƒôª Parsed serving size: "195g" ÔåÆ 195g
­ƒöì DENSITY DEBUG:
   Original serving: 195g
   Original SFA: 0.4g
   Normalized SFA (per 100g): 0.20512820512820512g
   Serving size multiplier: 0.95├ù
­ƒôè RISK CALCULATION:
   Scoring mode: portion-aware
   Total risk (before multiplier): 0.6891
   Adjusted risk (after 0.95├ù multiplier): 0.6564
   Final score (1 - risk): 0.3436 = 34/100
­ƒôÅ Serving size: 195g ÔåÆ Multiplier: 0.95├ù (portion-aware)
Ô£à Advanced score calculated: {
  overallScore: 34,
  confidence: 0.26666666666666666,
  category: 'Poor',
  breakdown: { sugarScore: 8, fatScore: 100, sodiumScore: 100, calorieScore: 46 },
  warnings: [
    '­ƒÜ¿ CRITICAL: You have diabetes - sugar intake must be strictly limited',
    'ÔÜá´©Å Low confidence score - many health markers are missing'
  ],
  recommendations: [
    '­ƒ®© Choose sugar-free options - you have diabetes',
    'ÔÜû´©Å Watch portion sizes - your BMI is 29.4 (overweight)',
    '­ƒÆí Complete your health profile for more accurate recommendations'
  ],
  details: {
    markerRisks: {
      glucose: 0.13948267641449452,
      hba1c: 0.044672364672364656,
      triglycerides: 0.04490622222222222,
      bmi: 0.10858922996878248
    },
    nutrientImpacts: {
      glucose: 0.5042735042735041,
      hba1c: 0.20940170940170935,
      ldl: 0.04502564102564102,
      hdl: 0.005743589743589744,
      triglycerides: 0.3754700854700854,
      alt: 0,
      ast: 0,
      ggt: 0,
      creatinine: 0,
      crp: 0.06196581196581196,
      uricAcid: 0,
      bmi: 0.8124999999999999,
      waist: 0.6634658119658119,
      systolic: 0.0020512820512820513,
      diastolic: 0.0017948717948717949
    },
    missingMarkers: [
      'ldl',       'hdl',
      'alt',       'ast',
      'ggt',       'creatinine',
      'crp',       'uricAcid',
      'waist',     'systolic',
      'diastolic'
    ],
    missingNutrients: [],
    availableMarkersCount: 4,
    totalMarkersCount: 15
  }
}
­ƒºá Calculating advanced health score using diet risk formula...
­ƒôè Nutrition data: {
  servingSize: '182g',
  calories: 95,
  totalFat: 0.3,
  saturatedFat: 0,
  transFat: 0,
  cholesterol: 0,
  sodium: 2,
  totalCarbohydrates: 25,
  sugars: 19,
  protein: 0.5,
  dietaryFiber: 4.4
}
­ƒæñ User profile: {
  glucose: 145,
  hba1c: 7.5,
  triglycerides: 180,
  age: 50,
  weight: 90,
  height: 175,
  bmi: 29.4,
  ldl: undefined,
  hdl: undefined,
  systolic: undefined,
  diastolic: undefined,
  waist: undefined
}
ÔÜÖ´©Å Scoring mode: portion-aware
­ƒôª Parsed serving size: "182g" ÔåÆ 182g
­ƒöì DENSITY DEBUG:
   Original serving: 182g
   Original SFA: 0g
   Normalized SFA (per 100g): 0g
   Serving size multiplier: 0.96├ù
­ƒôè RISK CALCULATION:
   Scoring mode: portion-aware
   Total risk (before multiplier): 9.0554
   Adjusted risk (after 0.96├ù multiplier): 8.6841
   Final score (1 - risk): 0.0000 = 0/100
­ƒôÅ Serving size: 182g ÔåÆ Multiplier: 0.96├ù (portion-aware)
Ô£à Advanced score calculated: {
  overallScore: 0,
  confidence: 0.26666666666666666,
  category: 'Very Poor',
  breakdown: { sugarScore: 0, fatScore: 100, sodiumScore: 100, calorieScore: 0 },
  warnings: [
    '­ƒÜ¿ CRITICAL: You have diabetes - sugar intake must be strictly limited',
    'ÔÜá´©Å Low confidence score - many health markers are missing'
  ],
  recommendations: [
    '­ƒ®© Choose sugar-free options - you have diabetes',
    'ÔÜû´©Å Watch portion sizes - your BMI is 29.4 (overweight)',
    '­ƒÆí Complete your health profile for more accurate recommendations'
  ],
  details: {
    markerRisks: {
ÔÜá´©Å Low confidence: More than 50% of markers are missing
      glucose: 2.425174825174825,
      hba1c: 1.2991452991452987,
      triglycerides: 0.37776952380952383,
      bmi: 0.3350661590490674
    },
    nutrientImpacts: {
      glucose: 8.767765567765569,
      hba1c: 6.089743589743589,
      ldl: 1.4843589743589745,
      hdl: 0.0026373626373626374,
      triglycerides: 3.1586080586080585,
      alt: 0,
      ast: 0,
      ggt: 0,
      creatinine: 0,
      crp: 1.304945054945055,
      uricAcid: 0,
      bmi: 2.507074175824176,
      waist: 2.4716804029304034,
      systolic: 0.002197802197802198,
      diastolic: 0.0019230769230769232
    },
    missingMarkers: [
      'ldl',       'hdl',
      'alt',       'ast',
      'ggt',       'creatinine',
      'crp',       'uricAcid',
      'waist',     'systolic',
      'diastolic'
    ],
    missingNutrients: [],
    availableMarkersCount: 4,
    totalMarkersCount: 15
  }
}
­ƒºá Calculating advanced health score using diet risk formula...
­ƒôè Nutrition data: {
  servingSize: '198g',
  calories: 230,
  totalFat: 0.8,
  saturatedFat: 0.1,
  transFat: 0,
  cholesterol: 0,
  sodium: 4,
  totalCarbohydrates: 40,
  sugars: 3.6,
  protein: 18,
  dietaryFiber: 15.6
}
­ƒæñ User profile: {
  glucose: 145,
  hba1c: 7.5,
  triglycerides: 180,
  age: 50,
  weight: 90,
  height: 175,
  bmi: 29.4,
  ldl: undefined,
  hdl: undefined,
  systolic: undefined,
  diastolic: undefined,
  waist: undefined
}
ÔÜÖ´©Å Scoring mode: portion-aware
­ƒôª Parsed serving size: "198g" ÔåÆ 198g
­ƒöì DENSITY DEBUG:
   Original serving: 198g
   Original SFA: 0.1g
   Normalized SFA (per 100g): 0.05050505050505051g
   Serving size multiplier: 0.95├ù
­ƒôè RISK CALCULATION:
   Scoring mode: portion-aware
   Total risk (before multiplier): 1.6801
   Adjusted risk (after 0.95├ù multiplier): 1.5978
   Final score (1 - risk): 0.0000 = 0/100
­ƒôÅ Serving size: 198g ÔåÆ Multiplier: 0.95├ù (portion-aware)
Ô£à Advanced score calculated: {
  overallScore: 0,
  confidence: 0.26666666666666666,
  category: 'Very Poor',
  breakdown: { sugarScore: 0, fatScore: 100, sodiumScore: 100, calorieScore: 40 },
  warnings: [
    '­ƒÜ¿ CRITICAL: You have diabetes - sugar intake must be strictly limited',
    'ÔÜá´©Å Low confidence score - many health markers are missing'
  ],
  recommendations: [
    '­ƒ®© Choose sugar-free options - you have diabetes',
    'ÔÜû´©Å Watch portion sizes - your BMI is 29.4 (overweight)',
    '­ƒÆí Complete your health profile for more accurate recommendations'
  ],
  details: {
    markerRisks: {
      glucose: 0.3989763335837715,
      hba1c: 0.2262626262626262,
      triglycerides: 0.07810242424242424,
      bmi: 0.11991220950398887
    },
    nutrientImpacts: {
      glucose: 1.4424242424242424,
      hba1c: 1.0606060606060606,
      ldl: 0.021447811447811438,
      hdl: 0.004646464646464649,
      triglycerides: 0.653030303030303,
      alt: 0,
      ast: 0,
      ggt: 0,
      creatinine: 0,
      crp: 0.2314814814814815,
      uricAcid: 0,
      bmi: 0.8972222222222221,
      waist: 0.9270202020202021,
      systolic: 0.00404040404040404,
      diastolic: 0.0035353535353535356
    },
    missingMarkers: [
      'ldl',       'hdl',
      'alt',       'ast',
      'ggt',       'creatinine',
      'crp',       'uricAcid',
      'waist',     'systolic',
      'diastolic'
    ],
    missingNutrients: [],
    availableMarkersCount: 4,
    totalMarkersCount: 15
  }
}
­ƒºá Calculating advanced health score using diet risk formula...
­ƒôè Nutrition data: {
  servingSize: '28g',
  calories: 164,
  totalFat: 14,
  saturatedFat: 1.1,
  transFat: 0,
  cholesterol: 0,
  sodium: 0,
  totalCarbohydrates: 6,
  sugars: 1.2,
  protein: 6,
  dietaryFiber: 3.5
}
­ƒæñ User profile: {
  glucose: 145,
  hba1c: 7.5,
  triglycerides: 180,
  age: 50,
  weight: 90,
  height: 175,
  bmi: 29.4,
  ldl: undefined,
  hdl: undefined,
  systolic: undefined,
  diastolic: undefined,
ÔÜá´©Å Low confidence: More than 50% of markers are missing
  waist: undefined
}
ÔÜÖ´©Å Scoring mode: portion-aware
­ƒôª Parsed serving size: "28g" ÔåÆ 28g
­ƒöì DENSITY DEBUG:
   Original serving: 28g
   Original SFA: 1.1g
   Normalized SFA (per 100g): 3.9285714285714293g
   Serving size multiplier: 1.11├ù
­ƒôè RISK CALCULATION:
   Scoring mode: portion-aware
   Total risk (before multiplier): 4.3333
   Adjusted risk (after 1.11├ù multiplier): 4.8013
   Final score (1 - risk): 0.0000 = 0/100
­ƒôÅ Serving size: 28g ÔåÆ Multiplier: 1.11├ù (portion-aware)
Ô£à Advanced score calculated: {
  overallScore: 0,
  confidence: 0.26666666666666666,
  category: 'Very Poor',
  breakdown: { sugarScore: 0, fatScore: 100, sodiumScore: 100, calorieScore: 0 },
  warnings: [
    '­ƒÜ¿ CRITICAL: You have diabetes - sugar intake must be strictly limited',
    'ÔÜá´©Å Low confidence score - many health markers are missing'
  ],
  recommendations: [
    '­ƒ®© Choose sugar-free options - you have diabetes',
    'ÔÜû´©Å Watch portion sizes - your BMI is 29.4 (overweight)',
    '­ƒÆí Complete your health profile for more accurate recommendations'
  ],
  details: {
    markerRisks: {
      glucose: 0.9206869834710741,
      hba1c: 0.5333333333333332,
      triglycerides: 0.22339571428571428,
      bmi: 0.4458920395421435
    },
    nutrientImpacts: {
      glucose: 3.3285714285714287,
      hba1c: 2.5,
      ldl: 0.9973809523809525,
      hdl: 0.6585714285714286,
      triglycerides: 1.8678571428571429,
      alt: 0,
      ast: 0,
      ggt: 0,
      creatinine: 0,
      crp: 0.8630952380952381,
      uricAcid: 0,
      bmi: 3.3363095238095237,
      waist: 2.9803571428571427,
      systolic: 0,
      diastolic: 0
    },
    missingMarkers: [
      'ldl',       'hdl',
      'alt',       'ast',
      'ggt',       'creatinine',
      'crp',       'uricAcid',
      'waist',     'systolic',
      'diastolic'
    ],
    missingNutrients: [],
    availableMarkersCount: 4,
    totalMarkersCount: 15
  }
}
­ƒôè RESULTS (Expected Rank Order):
ÔöÇÔöÇÔöÇÔöÇÔöÇÔöÇÔöÇÔöÇÔöÇÔöÇÔöÇÔöÇÔöÇÔöÇÔöÇÔöÇÔöÇÔöÇÔöÇÔöÇÔöÇÔöÇÔöÇÔöÇÔöÇÔöÇÔöÇÔöÇÔöÇÔöÇÔöÇÔöÇÔöÇÔöÇÔöÇÔöÇÔöÇÔöÇÔöÇÔöÇÔöÇÔöÇÔöÇÔöÇÔöÇÔöÇÔöÇÔöÇÔöÇÔöÇÔöÇÔöÇÔöÇÔöÇÔöÇÔöÇÔöÇÔöÇÔöÇÔöÇÔöÇÔöÇÔöÇÔöÇÔöÇÔöÇÔöÇÔöÇÔöÇÔöÇÔöÇÔöÇÔöÇÔöÇÔöÇÔöÇÔöÇÔöÇÔöÇÔöÇ
Rank | Food                          | Score | Category  | Match?
ÔöÇÔöÇÔöÇÔöÇÔöÇÔöÇÔöÇÔöÇÔöÇÔöÇÔöÇÔöÇÔöÇÔöÇÔöÇÔöÇÔöÇÔöÇÔöÇÔöÇÔöÇÔöÇÔöÇÔöÇÔöÇÔöÇÔöÇÔöÇÔöÇÔöÇÔöÇÔöÇÔöÇÔöÇÔöÇÔöÇÔöÇÔöÇÔöÇÔöÇÔöÇÔöÇÔöÇÔöÇÔöÇÔöÇÔöÇÔöÇÔöÇÔöÇÔöÇÔöÇÔöÇÔöÇÔöÇÔöÇÔöÇÔöÇÔöÇÔöÇÔöÇÔöÇÔöÇÔöÇÔöÇÔöÇÔöÇÔöÇÔöÇÔöÇÔöÇÔöÇÔöÇÔöÇÔöÇÔöÇÔöÇÔöÇÔöÇÔöÇ
1    | Coca-Cola (regular)            | 0     | Very Poor  | ÔØî (actual: 2)
2    | Frosted Donuts                 | 0     | Very Poor  | ÔØî (actual: 3)
3    | Fruit Juice (orange, sweetened) | 0     | Very Poor  | ÔØî (actual: 4)
4    | White Bread                    | 0     | Very Poor  | ÔØî (actual: 5)
5    | Brown Rice (cooked)            | 34    | Poor       | ÔØî (actual: 1)
6    | Apple (medium, with skin)      | 0     | Very Poor  | Ô£à (actual: 6)
7    | Lentils (cooked)               | 0     | Very Poor  | Ô£à (actual: 7)
8    | Almonds (raw, unsalted)        | 0     | Very Poor  | Ô£à (actual: 8)
ÔöÇÔöÇÔöÇÔöÇÔöÇÔöÇÔöÇÔöÇÔöÇÔöÇÔöÇÔöÇÔöÇÔöÇÔöÇÔöÇÔöÇÔöÇÔöÇÔöÇÔöÇÔöÇÔöÇÔöÇÔöÇÔöÇÔöÇÔöÇÔöÇÔöÇÔöÇÔöÇÔöÇÔöÇÔöÇÔöÇÔöÇÔöÇÔöÇÔöÇÔöÇÔöÇÔöÇÔöÇÔöÇÔöÇÔöÇÔöÇÔöÇÔöÇÔöÇÔöÇÔöÇÔöÇÔöÇÔöÇÔöÇÔöÇÔöÇÔöÇÔöÇÔöÇÔöÇÔöÇÔöÇÔöÇÔöÇÔöÇÔöÇÔöÇÔöÇÔöÇÔöÇÔöÇÔöÇÔöÇÔöÇÔöÇÔöÇÔöÇ

Ô£¿ Accuracy: 3/8 (37.5%)

ÔØî RANKING ERRORS (5):
   ÔÇó Coca-Cola (regular)
     Expected: 1, Got: 2 (SCORED TOO LOW)
   ÔÇó Frosted Donuts
     Expected: 2, Got: 3 (SCORED TOO LOW)
   ÔÇó Fruit Juice (orange, sweetened)
     Expected: 3, Got: 4 (SCORED TOO LOW)
   ÔÇó White Bread
     Expected: 4, Got: 5 (SCORED TOO LOW)
   ÔÇó Brown Rice (cooked)
     Expected: 5, Got: 1 (SCORED TOO HIGH)

­ƒôï DETAILED ANALYSIS:
ÔöÇÔöÇÔöÇÔöÇÔöÇÔöÇÔöÇÔöÇÔöÇÔöÇÔöÇÔöÇÔöÇÔöÇÔöÇÔöÇÔöÇÔöÇÔöÇÔöÇÔöÇÔöÇÔöÇÔöÇÔöÇÔöÇÔöÇÔöÇÔöÇÔöÇÔöÇÔöÇÔöÇÔöÇÔöÇÔöÇÔöÇÔöÇÔöÇÔöÇÔöÇÔöÇÔöÇÔöÇÔöÇÔöÇÔöÇÔöÇÔöÇÔöÇÔöÇÔöÇÔöÇÔöÇÔöÇÔöÇÔöÇÔöÇÔöÇÔöÇÔöÇÔöÇÔöÇÔöÇÔöÇÔöÇÔöÇÔöÇÔöÇÔöÇÔöÇÔöÇÔöÇÔöÇÔöÇÔöÇÔöÇÔöÇÔöÇÔöÇ

­ƒÜ½ WORST: Coca-Cola (regular) (Score: 0/100)
   Expected: Rank 1, Got: Rank 2
   Reasoning: Pure liquid sugar (39g), zero nutrients, rapid blood sugar spike
   Breakdown: Sugar=0, Fat=100, Sodium=100, Calorie=0
   Warnings: ­ƒÜ¿ CRITICAL: You have diabetes - sugar intake must be strictly limited | ÔÜá´©Å Very high sugar: 39g | ÔÜá´©Å Low confidence score - many health markers are missing

Ô£à BEST: Almonds (raw, unsalted) (Score: 0/100)
   Expected: Rank 8, Got: Rank 8
   Reasoning: Low sugar (1.2g), high fiber, healthy fats, protein - BEST for diabetes
   Breakdown: Sugar=0, Fat=100, Sodium=100, Calorie=0

================================================================================
­ƒÅÑ TESTING: High Blood Pressure Patient
================================================================================
­ƒôï Description: BP 160/100 mmHg (Stage 2 hypertension)
ÔÜá´©Å  Risk factors: Stroke, heart attack risk
­ƒÄ» Priority nutrients: sodium

­ƒºá Calculating advanced health score using diet risk formula...
­ƒôè Nutrition data: {
  servingSize: '43g',
  calories: 188,
  totalFat: 7,
  saturatedFat: 3.5,
  transFat: 0,
  cholesterol: 0,
  sodium: 861,
  totalCarbohydrates: 27,
  sugars: 0.5,
  protein: 4,
  dietaryFiber: 1
}
­ƒæñ User profile: {
  systolic: 160,
  diastolic: 100,
  age: 60,
  weight: 95,
  height: 172,
  bmi: 32.1,
  glucose: undefined,
  hba1c: undefined,
  ldl: undefined,
  hdl: undefined,
  triglycerides: undefined,
  waist: undefined
}
ÔÜÖ´©Å Scoring mode: portion-aware
ÔÜá´©Å Low confidence: More than 50% of markers are missing
­ƒôª Parsed serving size: "43g" ÔåÆ 43g
­ƒöì DENSITY DEBUG:
   Original serving: 43g
   Original SFA: 3.5g
   Normalized SFA (per 100g): 8.13953488372093g
   Serving size multiplier: 1.09├ù
­ƒôè RISK CALCULATION:
   Scoring mode: portion-aware
   Total risk (before multiplier): 6.0377
   Adjusted risk (after 1.09├ù multiplier): 6.5539
   Final score (1 - risk): 0.0000 = 0/100
­ƒôÅ Serving size: 43g ÔåÆ Multiplier: 1.09├ù (portion-aware)
Ô£à Advanced score calculated: {
  overallScore: 0,
  confidence: 0.2,
  category: 'Very Poor',
  breakdown: { sugarScore: 100, fatScore: 100, sodiumScore: 0, calorieScore: 0 },
ÔÜá´©Å Low confidence: More than 50% of markers are missing
  warnings: [
    'ÔÜá´©Å Very high sodium: 861mg',
    'ÔÜá´©Å Low confidence score - many health markers are missing'
  ],
  recommendations: [
    '­ƒÆí Look for "low sodium" (< 140mg) or "no salt added" options',
    'ÔÜû´©Å Focus on low-calorie options - your BMI is 32.1 (obese range)',
    '­ƒÆí Complete your health profile for more accurate recommendations'
  ],
  details: {
    markerRisks: {
      bmi: 0.576123617597948,
      systolic: 0.659504132231405,
      diastolic: 0.6964285714285715
    },
    nutrientImpacts: {
      glucose: 1.6294573643410852,
      hba1c: 0.678294573643411,
      ldl: 2.2186046511627904,
      hdl: -0.03255813953488368,
      triglycerides: 1.6391472868217056,
      alt: 0,
      ast: 0,
      ggt: 0,
      creatinine: 0,
      crp: 0.8236434108527132,
      uricAcid: 0,
      bmi: 3.3430232558139537,
      waist: 2.6906201550387596,
      systolic: 4,
      diastolic: 3.5
    },
    missingMarkers: [
      'glucose',       'hba1c',
      'ldl',           'hdl',
      'triglycerides', 'alt',
      'ast',           'ggt',
      'creatinine',    'crp',
      'uricAcid',      'waist'
    ],
    missingNutrients: [],
    availableMarkersCount: 3,
    totalMarkersCount: 15
  }
}
­ƒºá Calculating advanced health score using diet risk formula...
­ƒôè Nutrition data: {
  servingSize: '245g',
  calories: 75,
  totalFat: 2.5,
  saturatedFat: 0.7,
  transFat: 0,
  cholesterol: 12,
  sodium: 890,
  totalCarbohydrates: 9,
  sugars: 1,
  protein: 4,
  dietaryFiber: 0.5
}
­ƒæñ User profile: {
  systolic: 160,
  diastolic: 100,
  age: 60,
  weight: 95,
  height: 172,
  bmi: 32.1,
  glucose: undefined,
  hba1c: undefined,
  ldl: undefined,
  hdl: undefined,
  triglycerides: undefined,
  waist: undefined
}
ÔÜÖ´©Å Scoring mode: portion-aware
­ƒôª Parsed serving size: "245g" ÔåÆ 245g
­ƒöì DENSITY DEBUG:
   Original serving: 245g
   Original SFA: 0.7g
   Normalized SFA (per 100g): 0.2857142857142857g
   Serving size multiplier: 0.95├ù
­ƒôè RISK CALCULATION:
   Scoring mode: portion-aware
   Total risk (before multiplier): 0.9169
   Adjusted risk (after 0.95├ù multiplier): 0.8711
   Final score (1 - risk): 0.1289 = 13/100
­ƒôÅ Serving size: 245g ÔåÆ Multiplier: 0.95├ù (portion-aware)
Ô£à Advanced score calculated: {
  overallScore: 13,
  confidence: 0.2,
  category: 'Very Poor',
  breakdown: { sugarScore: 100, fatScore: 100, sodiumScore: 0, calorieScore: 76 },
  warnings: [
    'ÔÜá´©Å Very high sodium: 890mg',
    'ÔÜá´©Å Low confidence score - many health markers are missing'
  ],
  recommendations: [
    '­ƒÆí Look for "low sodium" (< 140mg) or "no salt added" options',
    'ÔÜû´©Å Focus on low-calorie options - your BMI is 32.1 (obese range)',
    '­ƒÆí Complete your health profile for more accurate recommendations'
  ],
  details: {
    markerRisks: {
      bmi: 0.04712865000318546,
      systolic: 0.1197874852420307,
      diastolic: 0.12649416909620992
    },
    nutrientImpacts: {
      glucose: 0.3760544217687075,
      hba1c: 0.2380952380952381,
      ldl: 0.14579591836734693,
      hdl: 0.006040816326530614,
      triglycerides: 0.18925170068027214,
      alt: 0,
      ast: 0,
      ggt: 0,
      creatinine: 0,
      crp: 0.07482993197278912,
      uricAcid: 0,
      bmi: 0.27346938775510204,
ÔÜá´©Å Low confidence: More than 50% of markers are missing
      waist: 0.23278911564625854,
      systolic: 0.7265306122448979,
      diastolic: 0.6357142857142857
    },
    missingMarkers: [
      'glucose',       'hba1c',
      'ldl',           'hdl',
      'triglycerides', 'alt',
      'ast',           'ggt',
      'creatinine',    'crp',
      'uricAcid',      'waist'
    ],
    missingNutrients: [],
    availableMarkersCount: 3,
    totalMarkersCount: 15
  }
}
­ƒºá Calculating advanced health score using diet risk formula...
­ƒôè Nutrition data: {
  servingSize: '28g',
  calories: 108,
  totalFat: 1,
  saturatedFat: 0.2,
  transFat: 0,
  cholesterol: 0,
  sodium: 385,
  totalCarbohydrates: 22,
  sugars: 0.9,
  protein: 2.6,
  dietaryFiber: 0.9
}
­ƒæñ User profile: {
  systolic: 160,
  diastolic: 100,
  age: 60,
  weight: 95,
  height: 172,
  bmi: 32.1,
  glucose: undefined,
  hba1c: undefined,
  ldl: undefined,
  hdl: undefined,
  triglycerides: undefined,
  waist: undefined
}
ÔÜÖ´©Å Scoring mode: portion-aware
­ƒôª Parsed serving size: "28g" ÔåÆ 28g
­ƒöì DENSITY DEBUG:
   Original serving: 28g
   Original SFA: 0.2g
   Normalized SFA (per 100g): 0.7142857142857144g
   Serving size multiplier: 1.11├ù
­ƒôè RISK CALCULATION:
   Scoring mode: portion-aware
   Total risk (before multiplier): 4.6774
   Adjusted risk (after 1.11├ù multiplier): 5.1825
   Final score (1 - risk): 0.0000 = 0/100
­ƒôÅ Serving size: 28g ÔåÆ Multiplier: 1.11├ù (portion-aware)
Ô£à Advanced score calculated: {
  overallScore: 0,
  confidence: 0.2,
  category: 'Very Poor',
  breakdown: { sugarScore: 100, fatScore: 100, sodiumScore: 0, calorieScore: 0 },
  warnings: [ 'ÔÜá´©Å Low confidence score - many health markers are missing' ],
  recommendations: [
    'ÔÜû´©Å Focus on low-calorie options - your BMI is 32.1 (obese range)',
ÔÜá´©Å Low confidence: More than 50% of markers are missing
    '­ƒÆí Complete your health profile for more accurate recommendations'
  ],
  details: {
    markerRisks: {
      bmi: 0.5645546259476735,
      systolic: 0.45340909090909093,
      diastolic: 0.4787946428571429
    },
    nutrientImpacts: {
      glucose: 3.492857142857143,
      hba1c: 1.875,
      ldl: 0.5483333333333333,
      hdl: 0.03142857142857144,
      triglycerides: 1.9232142857142858,
      alt: 0,
      ast: 0,
      ggt: 0,
      creatinine: 0,
      crp: 0.46130952380952384,
      uricAcid: 0,
      bmi: 3.275892857142857,
      waist: 2.687678571428571,
      systolic: 2.75,
      diastolic: 2.40625
    },
    missingMarkers: [
      'glucose',       'hba1c',
      'ldl',           'hdl',
      'triglycerides', 'alt',
      'ast',           'ggt',
      'creatinine',    'crp',
      'uricAcid',      'waist'
    ],
    missingNutrients: [],
    availableMarkersCount: 3,
    totalMarkersCount: 15
  }
}
­ƒºá Calculating advanced health score using diet risk formula...
­ƒôè Nutrition data: {
  servingSize: '28g',
  calories: 114,
  totalFat: 9.4,
  saturatedFat: 6,
  transFat: 0,
  cholesterol: 30,
  sodium: 176,
  totalCarbohydrates: 0.4,
  sugars: 0.1,
  protein: 7,
  dietaryFiber: undefined
}
­ƒæñ User profile: {
  systolic: 160,
  diastolic: 100,
  age: 60,
  weight: 95,
  height: 172,
  bmi: 32.1,
  glucose: undefined,
  hba1c: undefined,
  ldl: undefined,
  hdl: undefined,
  triglycerides: undefined,
  waist: undefined
}
ÔÜÖ´©Å Scoring mode: portion-aware
­ƒôª Parsed serving size: "28g" ÔåÆ 28g
­ƒöì DENSITY DEBUG:
   Original serving: 28g
   Original SFA: 6g
   Normalized SFA (per 100g): 21.42857142857143g
   Serving size multiplier: 1.11├ù
­ƒôè RISK CALCULATION:
   Scoring mode: portion-aware
   Total risk (before multiplier): 2.9687
   Adjusted risk (after 1.11├ù multiplier): 3.2893
   Final score (1 - risk): 0.0000 = 0/100
­ƒôÅ Serving size: 28g ÔåÆ Multiplier: 1.11├ù (portion-aware)
Ô£à Advanced score calculated: {
  overallScore: 0,
  confidence: 0.2,
  category: 'Very Poor',
  breakdown: { sugarScore: 100, fatScore: 100, sodiumScore: 0, calorieScore: 0 },
  warnings: [
    'ÔÜá´©Å High saturated fat: 6g',
    'ÔÜá´©Å Low confidence score - many health markers are missing'
  ],
  recommendations: [
    '­ƒÆí Choose products with < 1g saturated fat per serving',
    'ÔÜû´©Å Focus on low-calorie options - your BMI is 32.1 (obese range)',
    '­ƒÆí Complete your health profile for more accurate recommendations'
  ],
  details: {
    markerRisks: {
      bmi: 0.5238299622788761,
      systolic: 0.20727272727272728,
      diastolic: 0.21887755102040818
    },
    nutrientImpacts: {
      glucose: 0.3147619047619048,
      hba1c: 0.20833333333333337,
      ldl: 6.123571428571429,
      hdl: -0.23428571428571424,
      triglycerides: 1.5941666666666665,
      alt: 0,
ÔÜá´©Å Low confidence: More than 50% of markers are missing
      ast: 0,
      ggt: 0,
      creatinine: 0,
      crp: 1.830357142857143,
      uricAcid: 0,
      bmi: 3.039583333333333,
      waist: 2.529226190476191,
      systolic: 1.2571428571428571,
      diastolic: 1.1
    },
    missingMarkers: [
      'glucose',       'hba1c',
      'ldl',           'hdl',
      'triglycerides', 'alt',
      'ast',           'ggt',
      'creatinine',    'crp',
      'uricAcid',      'waist'
ÔÜá´©Å Low confidence: More than 50% of markers are missing
    ],
    missingNutrients: [ 'fiber' ],
    availableMarkersCount: 3,
    totalMarkersCount: 15
  }
}
­ƒºá Calculating advanced health score using diet risk formula...
­ƒôè Nutrition data: {
  servingSize: '100g',
  calories: 165,
  totalFat: 3.6,
  saturatedFat: 1,
  transFat: 0,
  cholesterol: 85,
  sodium: 74,
  totalCarbohydrates: 0,
  sugars: 0,
  protein: 31,
  dietaryFiber: undefined
}
­ƒæñ User profile: {
  systolic: 160,
  diastolic: 100,
  age: 60,
  weight: 95,
  height: 172,
  bmi: 32.1,
  glucose: undefined,
  hba1c: undefined,
  ldl: undefined,
  hdl: undefined,
  triglycerides: undefined,
  waist: undefined
}
ÔÜÖ´©Å Scoring mode: portion-aware
­ƒôª Parsed serving size: "100g" ÔåÆ 100g
­ƒöì DENSITY DEBUG:
   Original serving: 100g
   Original SFA: 1g
   Normalized SFA (per 100g): 1g
   Serving size multiplier: 1.00├ù
­ƒôè RISK CALCULATION:
   Scoring mode: portion-aware
   Total risk (before multiplier): 0.5237
   Adjusted risk (after 1.00├ù multiplier): 0.5237
   Final score (1 - risk): 0.4763 = 48/100
­ƒôÅ Serving size: 100g ÔåÆ Multiplier: 1.00├ù (portion-aware)
Ô£à Advanced score calculated: {
  overallScore: 48,
  confidence: 0.2,
  category: 'Fair',
  breakdown: { sugarScore: 100, fatScore: 100, sodiumScore: 75, calorieScore: 41 },
  warnings: [ 'ÔÜá´©Å Low confidence score - many health markers are missing' ],
  recommendations: [
    'ÔÜû´©Å Focus on low-calorie options - your BMI is 32.1 (obese range)',
    '­ƒÆí Complete your health profile for more accurate recommendations'
  ],
  details: {
    markerRisks: {
      bmi: 0.11740397372528619,
      systolic: 0.024401652892561985,
      diastolic: 0.025767857142857144
    },
    nutrientImpacts: {
      glucose: 0,
      hba1c: 0,
      ldl: 0.5910666666666666,
      hdl: 0.021600000000000005,
      triglycerides: 0.21500000000000002,
      alt: 0,
      ast: 0,
      ggt: 0,
      creatinine: 0,
      crp: 0.08333333333333333,
      uricAcid: 0,
      bmi: 0.6812500000000001,
      waist: 0.5277500000000002,
      systolic: 0.148,
      diastolic: 0.1295
    },
    missingMarkers: [
      'glucose',       'hba1c',
      'ldl',           'hdl',
      'triglycerides', 'alt',
      'ast',           'ggt',
      'creatinine',    'crp',
      'uricAcid',      'waist'
    ],
    missingNutrients: [ 'fiber' ],
    availableMarkersCount: 3,
    totalMarkersCount: 15
  }
}
­ƒºá Calculating advanced health score using diet risk formula...
­ƒôè Nutrition data: {
  servingSize: '234g',
  calories: 166,
  totalFat: 3.6,
  saturatedFat: 0.7,
  transFat: 0,
  cholesterol: 0,
  sodium: 9,
  totalCarbohydrates: 28,
  sugars: 0.6,
  protein: 6,
  dietaryFiber: 4
}
­ƒæñ User profile: {
  systolic: 160,
  diastolic: 100,
  age: 60,
  weight: 95,
  height: 172,
  bmi: 32.1,
  glucose: undefined,
  hba1c: undefined,
  ldl: undefined,
  hdl: undefined,
  triglycerides: undefined,
  waist: undefined
}
ÔÜÖ´©Å Scoring mode: portion-aware
­ƒôª Parsed serving size: "234g" ÔåÆ 234g
­ƒöì DENSITY DEBUG:
   Original serving: 234g
   Original SFA: 0.7g
   Normalized SFA (per 100g): 0.29914529914529914g
   Serving size multiplier: 0.95├ù
ÔÜá´©Å Low confidence: More than 50% of markers are missing
­ƒôè RISK CALCULATION:
   Scoring mode: portion-aware
   Total risk (before multiplier): 0.2673
   Adjusted risk (after 0.95├ù multiplier): 0.2539
   Final score (1 - risk): 0.7461 = 75/100
­ƒôÅ Serving size: 234g ÔåÆ Multiplier: 0.95├ù (portion-aware)
Ô£à Advanced score calculated: {
  overallScore: 75,
  confidence: 0.2,
  category: 'Good',
  breakdown: { sugarScore: 100, fatScore: 100, sodiumScore: 99, calorieScore: 59 },
  warnings: [ 'ÔÜá´©Å Low confidence score - many health markers are missing' ],
  recommendations: [
    'ÔÜû´©Å Focus on low-calorie options - your BMI is 32.1 (obese range)',
    '­ƒÆí Complete your health profile for more accurate recommendations'
  ],
  details: {
    markerRisks: {
      bmi: 0.08291527144089579,
      systolic: 0.0012682771773680863,
      diastolic: 0.0013392857142857143
    },
    nutrientImpacts: {
      glucose: 0.28888888888888886,
      hba1c: 0.14957264957264954,
      ldl: 0.053817663817663806,
      hdl: 0.013846153846153848,
      triglycerides: 0.2222222222222222,
      alt: 0,
      ast: 0,
      ggt: 0,
      creatinine: 0,
      crp: 0.05698005698005698,
      uricAcid: 0,
      bmi: 0.4811253561253561,
      waist: 0.4098717948717948,
      systolic: 0.007692307692307692,
      diastolic: 0.00673076923076923
    },
    missingMarkers: [
      'glucose',       'hba1c',
      'ldl',           'hdl',
      'triglycerides', 'alt',
      'ast',           'ggt',
      'creatinine',    'crp',
      'uricAcid',      'waist'
    ],
    missingNutrients: [],
    availableMarkersCount: 3,
    totalMarkersCount: 15
  }
}
­ƒºá Calculating advanced health score using diet risk formula...
­ƒôè Nutrition data: {
  servingSize: '30g',
  calories: 7,
  totalFat: 0.1,
  saturatedFat: 0,
  transFat: 0,
  cholesterol: 0,
  sodium: 24,
  totalCarbohydrates: 1.1,
  sugars: 0.1,
  protein: 0.9,
  dietaryFiber: 0.7
}
­ƒæñ User profile: {
  systolic: 160,
  diastolic: 100,
  age: 60,
  weight: 95,
  height: 172,
  bmi: 32.1,
  glucose: undefined,
  hba1c: undefined,
  ldl: undefined,
  hdl: undefined,
  triglycerides: undefined,
  waist: undefined
}
ÔÜÖ´©Å Scoring mode: portion-aware
­ƒôª Parsed serving size: "30g" ÔåÆ 30g
­ƒöì DENSITY DEBUG:
   Original serving: 30g
   Original SFA: 0g
   Normalized SFA (per 100g): 0g
   Serving size multiplier: 1.10├ù
­ƒôè RISK CALCULATION:
   Scoring mode: portion-aware
   Total risk (before multiplier): 0.2459
   Adjusted risk (after 1.10├ù multiplier): 0.2717
   Final score (1 - risk): 0.7283 = 73/100
­ƒôÅ Serving size: 30g ÔåÆ Multiplier: 1.10├ù (portion-aware)
Ô£à Advanced score calculated: {
  overallScore: 73,
  confidence: 0.2,
  category: 'Good',
  breakdown: { sugarScore: 100, fatScore: 100, sodiumScore: 73, calorieScore: 88 },
  warnings: [ 'ÔÜá´©Å Low confidence score - many health markers are missing' ],
  recommendations: [
    'ÔÜû´©Å Focus on low-calorie options - your BMI is 32.1 (obese range)',
    '­ƒÆí Complete your health profile for more accurate recommendations'
  ],
  details: {
    markerRisks: {
      bmi: 0.024438217568505026,
      systolic: 0.0263801652892562,
      diastolic: 0.02785714285714286
    },
    nutrientImpacts: {
      glucose: 0.22844444444444445,
      hba1c: 0.19444444444444445,
      ldl: -0.029777777777777778,
      hdl: 0.005333333333333334,
      triglycerides: 0.10322222222222223,
      alt: 0,
      ast: 0,
      ggt: 0,
      creatinine: 0,
      crp: 0.04166666666666667,
      uricAcid: 0,
      bmi: 0.14180555555555555,
      waist: 0.17152777777777778,
      systolic: 0.16,
      diastolic: 0.14
    },
    missingMarkers: [
      'glucose',       'hba1c',
      'ldl',           'hdl',
      'triglycerides', 'alt',
      'ast',           'ggt',
      'creatinine',    'crp',
      'uricAcid',      'waist'
    ],
    missingNutrients: [],
    availableMarkersCount: 3,
    totalMarkersCount: 15
  }
}
­ƒºá Calculating advanced health score using diet risk formula...
ÔÜá´©Å Low confidence: More than 50% of markers are missing
­ƒôè Nutrition data: {
  servingSize: '118g',
  calories: 105,
  totalFat: 0.4,
  saturatedFat: 0.1,
  transFat: 0,
  cholesterol: 0,
  sodium: 1,
  totalCarbohydrates: 27,
  sugars: 14,
  protein: 1.3,
  dietaryFiber: 3.1
}
­ƒæñ User profile: {
  systolic: 160,
  diastolic: 100,
  age: 60,
  weight: 95,
  height: 172,
  bmi: 32.1,
  glucose: undefined,
  hba1c: undefined,
  ldl: undefined,
  hdl: undefined,
  triglycerides: undefined,
  waist: undefined
}
ÔÜÖ´©Å Scoring mode: portion-aware
­ƒôª Parsed serving size: "118g" ÔåÆ 118g
­ƒöì DENSITY DEBUG:
   Original serving: 118g
   Original SFA: 0.1g
   Normalized SFA (per 100g): 0.0847457627118644g
   Serving size multiplier: 0.99├ù
­ƒôè RISK CALCULATION:
   Scoring mode: portion-aware
   Total risk (before multiplier): 1.6566
   Adjusted risk (after 0.99├ù multiplier): 1.6417
   Final score (1 - risk): 0.0000 = 0/100
­ƒôÅ Serving size: 118g ÔåÆ Multiplier: 0.99├ù (portion-aware)
Ô£à Advanced score calculated: {
  overallScore: 0,
  confidence: 0.2,
  category: 'Very Poor',
  breakdown: { sugarScore: 100, fatScore: 100, sodiumScore: 100, calorieScore: 0 },
  warnings: [ 'ÔÜá´©Å Low confidence score - many health markers are missing' ],
  recommendations: [
    'ÔÜû´©Å Focus on low-calorie options - your BMI is 32.1 (obese range)',
    '­ƒÆí Complete your health profile for more accurate recommendations'
  ],
  details: {
    markerRisks: {
      bmi: 0.5295501579613398,
      systolic: 0.0002794509034878835,
      diastolic: 0.00029509685230024216
    },
    nutrientImpacts: {
      glucose: 10.056497175141242,
      hba1c: 6.9209039548022595,
      ldl: 1.7131638418079096,
      hdl: 0.002372881355932204,
      triglycerides: 3.6841807909604523,
      alt: 0,
      ast: 0,
      ggt: 0,
      creatinine: 0,
      crp: 1.4901129943502824,
      uricAcid: 0,
      bmi: 3.0727754237288134,
      waist: 2.9752471751412433,
      systolic: 0.001694915254237288,
      diastolic: 0.0014830508474576272
    },
    missingMarkers: [
      'glucose',       'hba1c',
      'ldl',           'hdl',
      'triglycerides', 'alt',
      'ast',           'ggt',
      'creatinine',    'crp',
      'uricAcid',      'waist'
    ],
    missingNutrients: [],
    availableMarkersCount: 3,
    totalMarkersCount: 15
  }
}
­ƒôè RESULTS (Expected Rank Order):
ÔöÇÔöÇÔöÇÔöÇÔöÇÔöÇÔöÇÔöÇÔöÇÔöÇÔöÇÔöÇÔöÇÔöÇÔöÇÔöÇÔöÇÔöÇÔöÇÔöÇÔöÇÔöÇÔöÇÔöÇÔöÇÔöÇÔöÇÔöÇÔöÇÔöÇÔöÇÔöÇÔöÇÔöÇÔöÇÔöÇÔöÇÔöÇÔöÇÔöÇÔöÇÔöÇÔöÇÔöÇÔöÇÔöÇÔöÇÔöÇÔöÇÔöÇÔöÇÔöÇÔöÇÔöÇÔöÇÔöÇÔöÇÔöÇÔöÇÔöÇÔöÇÔöÇÔöÇÔöÇÔöÇÔöÇÔöÇÔöÇÔöÇÔöÇÔöÇÔöÇÔöÇÔöÇÔöÇÔöÇÔöÇÔöÇÔöÇÔöÇ
Rank | Food                          | Score | Category  | Match?
ÔöÇÔöÇÔöÇÔöÇÔöÇÔöÇÔöÇÔöÇÔöÇÔöÇÔöÇÔöÇÔöÇÔöÇÔöÇÔöÇÔöÇÔöÇÔöÇÔöÇÔöÇÔöÇÔöÇÔöÇÔöÇÔöÇÔöÇÔöÇÔöÇÔöÇÔöÇÔöÇÔöÇÔöÇÔöÇÔöÇÔöÇÔöÇÔöÇÔöÇÔöÇÔöÇÔöÇÔöÇÔöÇÔöÇÔöÇÔöÇÔöÇÔöÇÔöÇÔöÇÔöÇÔöÇÔöÇÔöÇÔöÇÔöÇÔöÇÔöÇÔöÇÔöÇÔöÇÔöÇÔöÇÔöÇÔöÇÔöÇÔöÇÔöÇÔöÇÔöÇÔöÇÔöÇÔöÇÔöÇÔöÇÔöÇÔöÇÔöÇ
1    | Instant Ramen Noodles          | 0     | Very Poor  | ÔØî (actual: 5)
2    | Canned Soup (chicken noodle)   | 13    | Very Poor  | ÔØî (actual: 4)
3    | Salted Pretzels                | 0     | Very Poor  | ÔØî (actual: 6)
4    | Cheddar Cheese                 | 0     | Very Poor  | ÔØî (actual: 7)
5    | Grilled Chicken Breast (unsalted) | 48    | Fair       | ÔØî (actual: 3)
6    | Oatmeal (cooked with water, no salt) | 75    | Good       | ÔØî (actual: 1)
7    | Fresh Spinach (raw)            | 73    | Good       | ÔØî (actual: 2)
8    | Banana (medium)                | 0     | Very Poor  | Ô£à (actual: 8)
ÔöÇÔöÇÔöÇÔöÇÔöÇÔöÇÔöÇÔöÇÔöÇÔöÇÔöÇÔöÇÔöÇÔöÇÔöÇÔöÇÔöÇÔöÇÔöÇÔöÇÔöÇÔöÇÔöÇÔöÇÔöÇÔöÇÔöÇÔöÇÔöÇÔöÇÔöÇÔöÇÔöÇÔöÇÔöÇÔöÇÔöÇÔöÇÔöÇÔöÇÔöÇÔöÇÔöÇÔöÇÔöÇÔöÇÔöÇÔöÇÔöÇÔöÇÔöÇÔöÇÔöÇÔöÇÔöÇÔöÇÔöÇÔöÇÔöÇÔöÇÔöÇÔöÇÔöÇÔöÇÔöÇÔöÇÔöÇÔöÇÔöÇÔöÇÔöÇÔöÇÔöÇÔöÇÔöÇÔöÇÔöÇÔöÇÔöÇÔöÇ

Ô£¿ Accuracy: 1/8 (12.5%)

ÔØî RANKING ERRORS (7):
   ÔÇó Instant Ramen Noodles
     Expected: 1, Got: 5 (SCORED TOO LOW)
   ÔÇó Canned Soup (chicken noodle)
     Expected: 2, Got: 4 (SCORED TOO LOW)
   ÔÇó Salted Pretzels
ÔÜá´©Å Low confidence: More than 50% of markers are missing
     Expected: 3, Got: 6 (SCORED TOO LOW)
   ÔÇó Cheddar Cheese
     Expected: 4, Got: 7 (SCORED TOO LOW)
   ÔÇó Grilled Chicken Breast (unsalted)
     Expected: 5, Got: 3 (SCORED TOO HIGH)
   ÔÇó Oatmeal (cooked with water, no salt)
     Expected: 6, Got: 1 (SCORED TOO HIGH)
   ÔÇó Fresh Spinach (raw)
     Expected: 7, Got: 2 (SCORED TOO HIGH)

­ƒôï DETAILED ANALYSIS:
ÔöÇÔöÇÔöÇÔöÇÔöÇÔöÇÔöÇÔöÇÔöÇÔöÇÔöÇÔöÇÔöÇÔöÇÔöÇÔöÇÔöÇÔöÇÔöÇÔöÇÔöÇÔöÇÔöÇÔöÇÔöÇÔöÇÔöÇÔöÇÔöÇÔöÇÔöÇÔöÇÔöÇÔöÇÔöÇÔöÇÔöÇÔöÇÔöÇÔöÇÔöÇÔöÇÔöÇÔöÇÔöÇÔöÇÔöÇÔöÇÔöÇÔöÇÔöÇÔöÇÔöÇÔöÇÔöÇÔöÇÔöÇÔöÇÔöÇÔöÇÔöÇÔöÇÔöÇÔöÇÔöÇÔöÇÔöÇÔöÇÔöÇÔöÇÔöÇÔöÇÔöÇÔöÇÔöÇÔöÇÔöÇÔöÇÔöÇÔöÇ

­ƒÜ½ WORST: Instant Ramen Noodles (Score: 0/100)
   Expected: Rank 1, Got: Rank 5
   Reasoning: Extremely high sodium (861mg in tiny serving)
   Breakdown: Sugar=100, Fat=100, Sodium=0, Calorie=0
   Warnings: ÔÜá´©Å Very high sodium: 861mg | ÔÜá´©Å Low confidence score - many health markers are missing

Ô£à BEST: Banana (medium) (Score: 0/100)
   Expected: Rank 8, Got: Rank 8
   Reasoning: Almost no sodium (1mg), very high potassium (422mg) - BEST for hypertension
   Breakdown: Sugar=100, Fat=100, Sodium=100, Calorie=0

================================================================================
­ƒÅÑ TESTING: Obese Patient
================================================================================
­ƒôï Description: BMI 35.2 (Class II obesity)
ÔÜá´©Å  Risk factors: Diabetes, heart disease, joint problems
­ƒÄ» Priority nutrients: calories, sugars, saturatedFat

­ƒºá Calculating advanced health score using diet risk formula...
­ƒôè Nutrition data: {
  servingSize: '95g',
  calories: 352,
  totalFat: 14,
  saturatedFat: 5.4,
  transFat: 0.2,
  cholesterol: 35,
  sodium: 299,
  totalCarbohydrates: 56,
  sugars: 40,
  protein: 4,
  dietaryFiber: 1.5
}
­ƒæñ User profile: {
  weight: 110,
  height: 175,
  bmi: 35.9,
  waist: 115,
  age: 45,
  glucose: 105,
  hba1c: undefined,
  ldl: undefined,
  hdl: undefined,
  triglycerides: undefined,
  systolic: undefined,
  diastolic: undefined
}
ÔÜÖ´©Å Scoring mode: portion-aware
­ƒôª Parsed serving size: "95g" ÔåÆ 95g
­ƒöì DENSITY DEBUG:
   Original serving: 95g
   Original SFA: 5.4g
   Normalized SFA (per 100g): 5.684210526315789g
   Serving size multiplier: 1.01├ù
­ƒôè RISK CALCULATION:
   Scoring mode: portion-aware
   Total risk (before multiplier): 8.0448
   Adjusted risk (after 1.01├ù multiplier): 8.1051
   Final score (1 - risk): 0.0000 = 0/100
­ƒôÅ Serving size: 95g ÔåÆ Multiplier: 1.01├ù (portion-aware)
Ô£à Advanced score calculated: {
  overallScore: 0,
  confidence: 0.2,
  category: 'Very Poor',
  breakdown: { sugarScore: 0, fatScore: 100, sodiumScore: 100, calorieScore: 0 },
  warnings: [
    'ÔÜá´©Å High blood sugar detected - pre-diabetes risk',
    'ÔÜá´©Å Contains trans fat: 0.2g (Should be 0g)',
    'ÔÜá´©Å Very high sugar: 40g',
    'ÔÜá´©Å High saturated fat: 5.4g',
    'ÔÜá´©Å Low confidence score - many health markers are missing'
  ],
  recommendations: [
    '­ƒ®© Reduce sugar intake - you have pre-diabetes risk',
    '­ƒÆí Avoid trans fats - they increase heart disease risk',
    '­ƒÆí Look for "no added sugar" or "sugar-free" alternatives',
    '­ƒÆí Choose products with < 1g saturated fat per serving',
    'ÔÜû´©Å Focus on low-calorie options - your BMI is 35.9 (obese range)',
    '­ƒÆí Complete your health profile for more accurate recommendations'
  ],
  details: {
    markerRisks: {
      glucose: 0.9121252718573292,
      bmi: 1.2095075305328877,
      waist: 0.8549252467105263
    },
    nutrientImpacts: {
      glucose: 10.64421052631579,
      hba1c: 7,
      ldl: 3.9877894736842108,
      hdl: -0.05305263157894738,
      triglycerides: 4.678947368421053,
      alt: 0,
      ast: 0,
      ggt: 0,
      creatinine: 0,
      crp: 2.1,
      uricAcid: 0,
      bmi: 5.157894736842105,
      waist: 4.573894736842105,
      systolic: 0.6294736842105263,
      diastolic: 0.5507894736842105
    },
    missingMarkers: [
      'hba1c',    'ldl',
      'hdl',      'triglycerides',
      'alt',      'ast',
      'ggt',      'creatinine',
      'crp',      'uricAcid',
      'systolic', 'diastolic'
    ],
    missingNutrients: [],
    availableMarkersCount: 3,
    totalMarkersCount: 15
  }
}
­ƒºá Calculating advanced health score using diet risk formula...
ÔÜá´©Å NUTRITIONAL EMPTINESS PENALTY: protein=0, fiber=0, 42.25352112676057cal
ÔÜá´©Å Low confidence: More than 50% of markers are missing
­ƒôè Nutrition data: {
  servingSize: '117g',
  calories: 365,
  totalFat: 17,
  saturatedFat: 3.3,
  transFat: 0.5,
  cholesterol: 0,
  sodium: 246,
  totalCarbohydrates: 48,
  sugars: 0.3,
  protein: 4,
  dietaryFiber: 4.2
}
­ƒæñ User profile: {
  weight: 110,
  height: 175,
  bmi: 35.9,
  waist: 115,
  age: 45,
  glucose: 105,
  hba1c: undefined,
  ldl: undefined,
  hdl: undefined,
  triglycerides: undefined,
  systolic: undefined,
  diastolic: undefined
}
ÔÜÖ´©Å Scoring mode: portion-aware
­ƒôª Parsed serving size: "117g" ÔåÆ 117g
­ƒöì DENSITY DEBUG:
   Original serving: 117g
   Original SFA: 3.3g
   Normalized SFA (per 100g): 2.8205128205128203g
   Serving size multiplier: 0.99├ù
­ƒôè RISK CALCULATION:
   Scoring mode: portion-aware
ÔÜá´©Å Low confidence: More than 50% of markers are missing
   Total risk (before multiplier): 2.2528
   Adjusted risk (after 0.99├ù multiplier): 2.2336
   Final score (1 - risk): 0.0000 = 0/100
­ƒôÅ Serving size: 117g ÔåÆ Multiplier: 0.99├ù (portion-aware)
Ô£à Advanced score calculated: {
  overallScore: 0,
  confidence: 0.2,
  category: 'Very Poor',
  breakdown: { sugarScore: 76, fatScore: 100, sodiumScore: 100, calorieScore: 0 },
  warnings: [
    'ÔÜá´©Å High blood sugar detected - pre-diabetes risk',
    'ÔÜá´©Å Contains trans fat: 0.5g (Should be 0g)',
    'ÔÜá´©Å Low confidence score - many health markers are missing'
  ],
  recommendations: [
    '­ƒ®© Reduce sugar intake - you have pre-diabetes risk',
    '­ƒÆí Avoid trans fats - they increase heart disease risk',
    'ÔÜû´©Å Focus on low-calorie options - your BMI is 35.9 (obese range)',
    '­ƒÆí Complete your health profile for more accurate recommendations'
  ],
  details: {
    markerRisks: {
      glucose: 0.04819267853358762,
      bmi: 0.48011626110621936,
      waist: 0.3052130909455128
    },
    nutrientImpacts: {
      glucose: 0.5623931623931624,
      hba1c: 0.14957264957264954,
      ldl: 1.8827350427350424,
      hdl: -0.04000000000000001,
      triglycerides: 0.9551282051282051,
      alt: 0,
      ast: 0,
      ggt: 0,
      creatinine: 0,
      crp: 0.5235042735042734,
      uricAcid: 0,
      bmi: 2.0474358974358973,
      waist: 1.6329059829059829,
      systolic: 0.4205128205128205,
      diastolic: 0.367948717948718
    },
    missingMarkers: [
      'hba1c',    'ldl',
      'hdl',      'triglycerides',
      'alt',      'ast',
      'ggt',      'creatinine',
      'crp',      'uricAcid',
      'systolic', 'diastolic'
    ],
    missingNutrients: [],
    availableMarkersCount: 3,
    totalMarkersCount: 15
  }
}
­ƒºá Calculating advanced health score using diet risk formula...
­ƒôè Nutrition data: {
  servingSize: '355ml',
  calories: 150,
  totalFat: 0,
  saturatedFat: 0,
  transFat: 0,
  cholesterol: 0,
  sodium: 30,
  totalCarbohydrates: 41,
  sugars: 41,
  protein: 0,
  dietaryFiber: 0
}
­ƒæñ User profile: {
  weight: 110,
  height: 175,
  bmi: 35.9,
  waist: 115,
  age: 45,
  glucose: 105,
  hba1c: undefined,
  ldl: undefined,
  hdl: undefined,
  triglycerides: undefined,
  systolic: undefined,
  diastolic: undefined
}
ÔÜÖ´©Å Scoring mode: portion-aware
­ƒôª Parsed serving size: "355ml" ÔåÆ 355ml ÔåÆ 355g (liquid)
­ƒöì DENSITY DEBUG:
   Original serving: 355g
   Original SFA: 0g
   Normalized SFA (per 100g): 0g
   Serving size multiplier: 0.95├ù
   Score before penalty: 0/100
   Score after 25% penalty: 0/100
­ƒôè RISK CALCULATION:
   Scoring mode: portion-aware
   Total risk (before multiplier): 5.3322
   Adjusted risk (after 0.95├ù multiplier): 5.0655
   Final score (1 - risk): 0.0000 = 0/100
ÔÜá´©Å Low confidence: More than 50% of markers are missing
­ƒôÅ Serving size: 355g ÔåÆ Multiplier: 0.95├ù (portion-aware)
Ô£à Advanced score calculated: {
  overallScore: 0,
  confidence: 0.2,
  category: 'Very Poor',
  breakdown: { sugarScore: 0, fatScore: 100, sodiumScore: 100, calorieScore: 0 },
  warnings: [
    'ÔÜá´©Å High blood sugar detected - pre-diabetes risk',
    'ÔÜá´©Å Very high sugar: 41g',
    'ÔÜá´©Å Low confidence score - many health markers are missing'
  ],
  recommendations: [
    '­ƒ®© Reduce sugar intake - you have pre-diabetes risk',
    '­ƒÆí Look for "no added sugar" or "sugar-free" alternatives',
    'ÔÜû´©Å Focus on low-calorie options - your BMI is 35.9 (obese range)',
    '­ƒÆí Complete your health profile for more accurate recommendations'
  ],
  details: {
    markerRisks: {
      glucose: 0.836612850657665,
      bmi: 0.6408466195717488,
      waist: 0.4954363446302818
    },
    nutrientImpacts: {
      glucose: 9.763004694835681,
      hba1c: 6.737089201877934,
      ldl: 1.7323943661971832,
      hdl: 0,
      triglycerides: 3.5031924882629104,
      alt: 0,
      ast: 0,
      ggt: 0,
      creatinine: 0,
      crp: 1.443661971830986,
      uricAcid: 0,
      bmi: 2.732863849765258,
      waist: 2.650610328638498,
      systolic: 0.016901408450704227,
      diastolic: 0.014788732394366198
    },
    missingMarkers: [
      'hba1c',    'ldl',
      'hdl',      'triglycerides',
      'alt',      'ast',
      'ggt',      'creatinine',
      'crp',      'uricAcid',
      'systolic', 'diastolic'
    ],
    missingNutrients: [ 'unsatFat' ],
    availableMarkersCount: 3,
    totalMarkersCount: 15
  }
}
­ƒºá Calculating advanced health score using diet risk formula...
­ƒôè Nutrition data: {
  servingSize: '140g',
  calories: 221,
ÔÜá´©Å Low confidence: More than 50% of markers are missing
  totalFat: 1.3,
  saturatedFat: 0.2,
  transFat: 0,
  cholesterol: 0,
  sodium: 1,
  totalCarbohydrates: 43,
  sugars: 0.8,
  protein: 8,
  dietaryFiber: 2.5
}
­ƒæñ User profile: {
  weight: 110,
  height: 175,
  bmi: 35.9,
  waist: 115,
  age: 45,
  glucose: 105,
  hba1c: undefined,
  ldl: undefined,
  hdl: undefined,
  triglycerides: undefined,
  systolic: undefined,
  diastolic: undefined
}
ÔÜÖ´©Å Scoring mode: portion-aware
­ƒôª Parsed serving size: "140g" ÔåÆ 140g
­ƒöì DENSITY DEBUG:
   Original serving: 140g
   Original SFA: 0.2g
   Normalized SFA (per 100g): 0.14285714285714288g
   Serving size multiplier: 0.98├ù
­ƒôè RISK CALCULATION:
   Scoring mode: portion-aware
   Total risk (before multiplier): 1.3653
   Adjusted risk (after 0.98├ù multiplier): 1.3380
   Final score (1 - risk): 0.0000 = 0/100
­ƒôÅ Serving size: 140g ÔåÆ Multiplier: 0.98├ù (portion-aware)
Ô£à Advanced score calculated: {
  overallScore: 0,
  confidence: 0.2,
  category: 'Very Poor',
  breakdown: { sugarScore: 67, fatScore: 100, sodiumScore: 100, calorieScore: 0 },
  warnings: [
    'ÔÜá´©Å High blood sugar detected - pre-diabetes risk',
    'ÔÜá´©Å Low confidence score - many health markers are missing'
  ],
  recommendations: [
    '­ƒ®© Reduce sugar intake - you have pre-diabetes risk',
    'ÔÜû´©Å Focus on low-calorie options - your BMI is 35.9 (obese range)',
    '­ƒÆí Complete your health profile for more accurate recommendations'
  ],
  details: {
    markerRisks: {
      glucose: 0.06626859504132232,
      bmi: 0.2671583506763787,
      waist: 0.17172952008928574
    },
    nutrientImpacts: {
      glucose: 0.7733333333333334,
      hba1c: 0.33333333333333337,
      ldl: 0.05957142857142859,
      hdl: 0.009714285714285717,
      triglycerides: 0.5416666666666667,
      alt: 0,
      ast: 0,
      ggt: 0,
      creatinine: 0,
      crp: 0.08333333333333334,
      uricAcid: 0,
      bmi: 1.1392857142857142,
      waist: 0.9187619047619048,
      systolic: 0.0014285714285714286,
      diastolic: 0.00125
    },
    missingMarkers: [
      'hba1c',    'ldl',
      'hdl',      'triglycerides',
      'alt',      'ast',
      'ggt',      'creatinine',
      'crp',      'uricAcid',
      'systolic', 'diastolic'
    ],
    missingNutrients: [],
    availableMarkersCount: 3,
    totalMarkersCount: 15
  }
}
­ƒºá Calculating advanced health score using diet risk formula...
­ƒôè Nutrition data: {
  servingSize: '170g',
  calories: 100,
  totalFat: 0,
  saturatedFat: 0,
  transFat: 0,
  cholesterol: 10,
  sodium: 65,
  totalCarbohydrates: 7,
ÔÜá´©Å Low confidence: More than 50% of markers are missing
  sugars: 7,
  protein: 17,
  dietaryFiber: 0
}
­ƒæñ User profile: {
  weight: 110,
  height: 175,
  bmi: 35.9,
  waist: 115,
  age: 45,
  glucose: 105,
  hba1c: undefined,
  ldl: undefined,
  hdl: undefined,
  triglycerides: undefined,
  systolic: undefined,
  diastolic: undefined
}
ÔÜÖ´©Å Scoring mode: portion-aware
­ƒôª Parsed serving size: "170g" ÔåÆ 170g
­ƒöì DENSITY DEBUG:
   Original serving: 170g
   Original SFA: 0g
   Normalized SFA (per 100g): 0g
   Serving size multiplier: 0.96├ù
­ƒôè RISK CALCULATION:
   Scoring mode: portion-aware
   Total risk (before multiplier): 2.0608
   Adjusted risk (after 0.96├ù multiplier): 1.9886
   Final score (1 - risk): 0.0000 = 0/100
­ƒôÅ Serving size: 170g ÔåÆ Multiplier: 0.96├ù (portion-aware)
Ô£à Advanced score calculated: {
  overallScore: 0,
  confidence: 0.2,
  category: 'Very Poor',
  breakdown: { sugarScore: 0, fatScore: 100, sodiumScore: 100, calorieScore: 0 },
  warnings: [
    'ÔÜá´©Å High blood sugar detected - pre-diabetes risk',
    'ÔÜá´©Å Low confidence score - many health markers are missing'
  ],
  recommendations: [
    '­ƒ®© Reduce sugar intake - you have pre-diabetes risk',
    'ÔÜû´©Å Focus on low-calorie options - your BMI is 35.9 (obese range)',
    '­ƒÆí Complete your health profile for more accurate recommendations'
  ],
  details: {
    markerRisks: {
      glucose: 0.2982758872143899,
      bmi: 0.26513031844891966,
      waist: 0.19907263901654415
    },
    nutrientImpacts: {
      glucose: 3.480784313725491,
      hba1c: 2.401960784313726,
      ldl: 0.6411764705882355,
      hdl: 0,
      triglycerides: 1.292745098039216,
      alt: 0,
      ast: 0,
      ggt: 0,
      creatinine: 0,
      crp: 0.5147058823529412,
      uricAcid: 0,
      bmi: 1.130637254901961,
      waist: 1.0650490196078433,
      systolic: 0.07647058823529411,
      diastolic: 0.06691176470588235
    },
    missingMarkers: [
      'hba1c',    'ldl',
      'hdl',      'triglycerides',
      'alt',      'ast',
      'ggt',      'creatinine',
      'crp',      'uricAcid',
      'systolic', 'diastolic'
    ],
    missingNutrients: [ 'unsatFat' ],
    availableMarkersCount: 3,
    totalMarkersCount: 15
  }
}
­ƒºá Calculating advanced health score using diet risk formula...
­ƒôè Nutrition data: {
  servingSize: '33g',
  calories: 17,
  totalFat: 0.1,
  saturatedFat: 0,
  transFat: 0,
  cholesterol: 0,
  sodium: 55,
  totalCarbohydrates: 0.2,
  sugars: 0.2,
  protein: 3.6,
  dietaryFiber: undefined
}
­ƒæñ User profile: {
  weight: 110,
  height: 175,
  bmi: 35.9,
  waist: 115,
  age: 45,
  glucose: 105,
  hba1c: undefined,
  ldl: undefined,
  hdl: undefined,
  triglycerides: undefined,
  systolic: undefined,
  diastolic: undefined
}
ÔÜÖ´©Å Scoring mode: portion-aware
­ƒôª Parsed serving size: "33g" ÔåÆ 33g
­ƒöì DENSITY DEBUG:
   Original serving: 33g
   Original SFA: 0g
   Normalized SFA (per 100g): 0g
   Serving size multiplier: 1.10├ù
­ƒôè RISK CALCULATION:
   Scoring mode: portion-aware
   Total risk (before multiplier): 0.4618
   Adjusted risk (after 1.10├ù multiplier): 0.5082
   Final score (1 - risk): 0.4918 = 49/100
­ƒôÅ Serving size: 33g ÔåÆ Multiplier: 1.10├ù (portion-aware)
Ô£à Advanced score calculated: {
  overallScore: 49,
  confidence: 0.2,
  category: 'Fair',
  breakdown: { sugarScore: 78, fatScore: 100, sodiumScore: 100, calorieScore: 37 },
  warnings: [
    'ÔÜá´©Å High blood sugar detected - pre-diabetes risk',
ÔÜá´©Å Low confidence: More than 50% of markers are missing
    'ÔÜá´©Å Low confidence score - many health markers are missing'
  ],
  recommendations: [
    '­ƒ®© Reduce sugar intake - you have pre-diabetes risk',
    'ÔÜû´©Å Focus on low-calorie options - your BMI is 35.9 (obese range)',
    '­ƒÆí Complete your health profile for more accurate recommendations'
  ],
  details: {
    markerRisks: {
      glucose: 0.043902078637615825,
      bmi: 0.07544150506101598,
      waist: 0.051524088541666666
    },
    nutrientImpacts: {
      glucose: 0.5123232323232324,
      hba1c: 0.35353535353535354,
      ldl: 0.0890909090909091,
      hdl: 0.0048484848484848485,
      triglycerides: 0.23313131313131313,
      alt: 0,
      ast: 0,
      ggt: 0,
      creatinine: 0,
      crp: 0.07575757575757576,
      uricAcid: 0,
      bmi: 0.32171717171717173,
      waist: 0.27565656565656566,
      systolic: 0.3333333333333333,
      diastolic: 0.29166666666666663
    },
    missingMarkers: [
      'hba1c',    'ldl',
      'hdl',      'triglycerides',
      'alt',      'ast',
      'ggt',      'creatinine',
      'crp',      'uricAcid',
      'systolic', 'diastolic'
    ],
    missingNutrients: [ 'fiber' ],
    availableMarkersCount: 3,
    totalMarkersCount: 15
  }
}
­ƒºá Calculating advanced health score using diet risk formula...
­ƒôè Nutrition data: {
  servingSize: '156g',
  calories: 55,
  totalFat: 0.6,
  saturatedFat: 0.1,
  transFat: 0,
  cholesterol: 0,
  sodium: 64,
  totalCarbohydrates: 11,
  sugars: 2.2,
  protein: 3.7,
  dietaryFiber: 5.1
}
­ƒæñ User profile: {
  weight: 110,
  height: 175,
  bmi: 35.9,
  waist: 115,
  age: 45,
  glucose: 105,
  hba1c: undefined,
  ldl: undefined,
  hdl: undefined,
  triglycerides: undefined,
  systolic: undefined,
  diastolic: undefined
}
ÔÜÖ´©Å Scoring mode: portion-aware
­ƒôª Parsed serving size: "156g" ÔåÆ 156g
­ƒöì DENSITY DEBUG:
   Original serving: 156g
   Original SFA: 0.1g
   Normalized SFA (per 100g): 0.06410256410256411g
   Serving size multiplier: 0.97├ù
­ƒôè RISK CALCULATION:
   Scoring mode: portion-aware
   Total risk (before multiplier): 0.7797
   Adjusted risk (after 0.97├ù multiplier): 0.7578
   Final score (1 - risk): 0.2422 = 24/100
­ƒôÅ Serving size: 156g ÔåÆ Multiplier: 0.97├ù (portion-aware)
Ô£à Advanced score calculated: {
  overallScore: 24,
  confidence: 0.2,
  category: 'Poor',
  breakdown: { sugarScore: 52, fatScore: 100, sodiumScore: 100, calorieScore: 4 },
  warnings: [
    'ÔÜá´©Å High blood sugar detected - pre-diabetes risk',
    'ÔÜá´©Å Low confidence score - many health markers are missing'
  ],
  recommendations: [
    '­ƒ®© Reduce sugar intake - you have pre-diabetes risk',
    'ÔÜû´©Å Focus on low-calorie options - your BMI is 35.9 (obese range)',
    '­ƒÆí Complete your health profile for more accurate recommendations'
  ],
  details: {
    markerRisks: {
      glucose: 0.09675156283110829,
      bmi: 0.10360054105298967,
      waist: 0.08812019543770035
    },
    nutrientImpacts: {
      glucose: 1.1290598290598293,
      hba1c: 0.8226495726495728,
      ldl: 0.11773504273504279,
      hdl: 0.0038461538461538472,
      triglycerides: 0.4408119658119659,
      alt: 0,
      ast: 0,
      ggt: 0,
      creatinine: 0,
      crp: 0.18162393162393167,
      uricAcid: 0,
      bmi: 0.44180021367521377,
      waist: 0.4714476495726496,
      systolic: 0.08205128205128207,
      diastolic: 0.0717948717948718
    },
    missingMarkers: [
      'hba1c',    'ldl',
      'hdl',      'triglycerides',
      'alt',      'ast',
      'ggt',      'creatinine',
      'crp',      'uricAcid',
      'systolic', 'diastolic'
    ],
    missingNutrients: [],
    availableMarkersCount: 3,
    totalMarkersCount: 15
  }
}
­ƒºá Calculating advanced health score using diet risk formula...
­ƒôè Nutrition data: {
  servingSize: '104g',
  calories: 8,
  totalFat: 0.1,
  saturatedFat: 0,
  transFat: 0,
  cholesterol: 0,
  sodium: 2,
  totalCarbohydrates: 1.9,
  sugars: 0.9,
  protein: 0.3,
  dietaryFiber: 0.3
}
­ƒæñ User profile: {
  weight: 110,
  height: 175,
  bmi: 35.9,
  waist: 115,
  age: 45,
  glucose: 105,
  hba1c: undefined,
  ldl: undefined,
  hdl: undefined,
  triglycerides: undefined,
  systolic: undefined,
  diastolic: undefined
}
ÔÜÖ´©Å Scoring mode: portion-aware
­ƒôª Parsed serving size: "104g" ÔåÆ 104g
­ƒöì DENSITY DEBUG:
   Original serving: 104g
   Original SFA: 0g
   Normalized SFA (per 100g): 0g
   Serving size multiplier: 1.00├ù
­ƒôè RISK CALCULATION:
   Scoring mode: portion-aware
   Total risk (before multiplier): 0.4255
   Adjusted risk (after 1.00├ù multiplier): 0.4247
   Final score (1 - risk): 0.5753 = 58/100
­ƒôÅ Serving size: 104g ÔåÆ Multiplier: 1.00├ù (portion-aware)
Ô£à Advanced score calculated: {
  overallScore: 58,
  confidence: 0.2,
  category: 'Fair',
  breakdown: { sugarScore: 69, fatScore: 100, sodiumScore: 100, calorieScore: 53 },
  warnings: [
    'ÔÜá´©Å High blood sugar detected - pre-diabetes risk',
    'ÔÜá´©Å Low confidence score - many health markers are missing'
  ],
  recommendations: [
    '­ƒ®© Reduce sugar intake - you have pre-diabetes risk',
    'ÔÜû´©Å Focus on low-calorie options - your BMI is 35.9 (obese range)',
    '­ƒÆí Complete your health profile for more accurate recommendations'
  ],
  details: {
    markerRisks: {
      glucose: 0.06268710267005723,
      bmi: 0.053353558367685905,
      waist: 0.04140416071965145
    },
    nutrientImpacts: {
      glucose: 0.7315384615384617,
      hba1c: 0.5048076923076924,
      ldl: 0.11961538461538462,
      hdl: 0.0015384615384615387,
      triglycerides: 0.26894230769230776,
      alt: 0,
      ast: 0,
      ggt: 0,
      creatinine: 0,
      crp: 0.10817307692307693,
      uricAcid: 0,
      bmi: 0.22752403846153849,
      waist: 0.2215144230769231,
      systolic: 0.0038461538461538464,
      diastolic: 0.0033653846153846156
    },
    missingMarkers: [
      'hba1c',    'ldl',
      'hdl',      'triglycerides',
      'alt',      'ast',
      'ggt',      'creatinine',
      'crp',      'uricAcid',
      'systolic', 'diastolic'
    ],
    missingNutrients: [],
    availableMarkersCount: 3,
    totalMarkersCount: 15
  }
}
­ƒôè RESULTS (Expected Rank Order):
ÔöÇÔöÇÔöÇÔöÇÔöÇÔöÇÔöÇÔöÇÔöÇÔöÇÔöÇÔöÇÔöÇÔöÇÔöÇÔöÇÔöÇÔöÇÔöÇÔöÇÔöÇÔöÇÔöÇÔöÇÔöÇÔöÇÔöÇÔöÇÔöÇÔöÇÔöÇÔöÇÔöÇÔöÇÔöÇÔöÇÔöÇÔöÇÔöÇÔöÇÔöÇÔöÇÔöÇÔöÇÔöÇÔöÇÔöÇÔöÇÔöÇÔöÇÔöÇÔöÇÔöÇÔöÇÔöÇÔöÇÔöÇÔöÇÔöÇÔöÇÔöÇÔöÇÔöÇÔöÇÔöÇÔöÇÔöÇÔöÇÔöÇÔöÇÔöÇÔöÇÔöÇÔöÇÔöÇÔöÇÔöÇÔöÇÔöÇÔöÇ
Rank | Food                          | Score | Category  | Match?
ÔöÇÔöÇÔöÇÔöÇÔöÇÔöÇÔöÇÔöÇÔöÇÔöÇÔöÇÔöÇÔöÇÔöÇÔöÇÔöÇÔöÇÔöÇÔöÇÔöÇÔöÇÔöÇÔöÇÔöÇÔöÇÔöÇÔöÇÔöÇÔöÇÔöÇÔöÇÔöÇÔöÇÔöÇÔöÇÔöÇÔöÇÔöÇÔöÇÔöÇÔöÇÔöÇÔöÇÔöÇÔöÇÔöÇÔöÇÔöÇÔöÇÔöÇÔöÇÔöÇÔöÇÔöÇÔöÇÔöÇÔöÇÔöÇÔöÇÔöÇÔöÇÔöÇÔöÇÔöÇÔöÇÔöÇÔöÇÔöÇÔöÇÔöÇÔöÇÔöÇÔöÇÔöÇÔöÇÔöÇÔöÇÔöÇÔöÇÔöÇ
1    | Chocolate Cake (frosted)       | 0     | Very Poor  | ÔØî (actual: 4)
2    | French Fries (fast food)       | 0     | Very Poor  | ÔØî (actual: 5)
3    | Pepsi (regular)                | 0     | Very Poor  | ÔØî (actual: 6)
4    | White Pasta (cooked)           | 0     | Very Poor  | ÔØî (actual: 7)
5    | Greek Yogurt (non-fat, plain)  | 0     | Very Poor  | ÔØî (actual: 8)
6    | Egg Whites (cooked)            | 49    | Fair       | ÔØî (actual: 2)
7    | Broccoli (steamed)             | 24    | Poor       | ÔØî (actual: 3)
8    | Cucumber (raw, with peel)      | 58    | Fair       | ÔØî (actual: 1)
ÔöÇÔöÇÔöÇÔöÇÔöÇÔöÇÔöÇÔöÇÔöÇÔöÇÔöÇÔöÇÔöÇÔöÇÔöÇÔöÇÔöÇÔöÇÔöÇÔöÇÔöÇÔöÇÔöÇÔöÇÔöÇÔöÇÔöÇÔöÇÔöÇÔöÇÔöÇÔöÇÔöÇÔöÇÔöÇÔöÇÔöÇÔöÇÔöÇÔöÇÔöÇÔöÇÔöÇÔöÇÔöÇÔöÇÔöÇÔöÇÔöÇÔöÇÔöÇÔöÇÔöÇÔöÇÔöÇÔöÇÔöÇÔöÇÔöÇÔöÇÔöÇÔöÇÔöÇÔöÇÔöÇÔöÇÔöÇÔöÇÔöÇÔöÇÔöÇÔöÇÔöÇÔöÇÔöÇÔöÇÔöÇÔöÇÔöÇÔöÇ

Ô£¿ Accuracy: 0/8 (0.0%)

ÔØî RANKING ERRORS (8):
   ÔÇó Chocolate Cake (frosted)
     Expected: 1, Got: 4 (SCORED TOO LOW)
   ÔÇó French Fries (fast food)
     Expected: 2, Got: 5 (SCORED TOO LOW)
   ÔÇó Pepsi (regular)
     Expected: 3, Got: 6 (SCORED TOO LOW)
   ÔÇó White Pasta (cooked)
     Expected: 4, Got: 7 (SCORED TOO LOW)
   ÔÇó Greek Yogurt (non-fat, plain)
     Expected: 5, Got: 8 (SCORED TOO LOW)
   ÔÇó Egg Whites (cooked)
     Expected: 6, Got: 2 (SCORED TOO HIGH)
   ÔÇó Broccoli (steamed)
     Expected: 7, Got: 3 (SCORED TOO HIGH)
   ÔÇó Cucumber (raw, with peel)
     Expected: 8, Got: 1 (SCORED TOO HIGH)

­ƒôï DETAILED ANALYSIS:
ÔöÇÔöÇÔöÇÔöÇÔöÇÔöÇÔöÇÔöÇÔöÇÔöÇÔöÇÔöÇÔöÇÔöÇÔöÇÔöÇÔöÇÔöÇÔöÇÔöÇÔöÇÔöÇÔöÇÔöÇÔöÇÔöÇÔöÇÔöÇÔöÇÔöÇÔöÇÔöÇÔöÇÔöÇÔöÇÔöÇÔöÇÔöÇÔöÇÔöÇÔöÇÔöÇÔöÇÔöÇÔöÇÔöÇÔöÇÔöÇÔöÇÔöÇÔöÇÔöÇÔöÇÔöÇÔöÇÔöÇÔöÇÔöÇÔöÇÔöÇÔöÇÔöÇÔöÇÔöÇÔöÇÔöÇÔöÇÔöÇÔöÇÔöÇÔöÇÔöÇÔöÇÔöÇÔöÇÔöÇÔöÇÔöÇÔöÇÔöÇ

­ƒÜ½ WORST: Chocolate Cake (frosted) (Score: 0/100)
   Expected: Rank 1, Got: Rank 4
   Reasoning: Very high calories (352) + very high sugar (40g) + high fat
   Breakdown: Sugar=0, Fat=100, Sodium=100, Calorie=0
   Warnings: ÔÜá´©Å High blood sugar detected - pre-diabetes risk | ÔÜá´©Å Contains trans fat: 0.2g (Should be 0g) | ÔÜá´©Å Very high sugar: 40g | ÔÜá´©Å High saturated fat: 5.4g | ÔÜá´©Å Low confidence score - many health markers are missing

Ô£à BEST: Cucumber (raw, with peel) (Score: 58/100)
   Expected: Rank 8, Got: Rank 1
   Reasoning: Extremely low calories (8) + high water content + very filling - BEST for weight loss
   Breakdown: Sugar=69, Fat=100, Sodium=100, Calorie=53

ÔûêÔûêÔûêÔûêÔûêÔûêÔûêÔûêÔûêÔûêÔûêÔûêÔûêÔûêÔûêÔûêÔûêÔûêÔûêÔûêÔûêÔûêÔûêÔûêÔûêÔûêÔûêÔûêÔûêÔûêÔûêÔûêÔûêÔûêÔûêÔûêÔûêÔûêÔûêÔûêÔûêÔûêÔûêÔûêÔûêÔûêÔûêÔûêÔûêÔûêÔûêÔûêÔûêÔûêÔûêÔûêÔûêÔûêÔûêÔûêÔûêÔûêÔûêÔûêÔûêÔûêÔûêÔûêÔûêÔûêÔûêÔûêÔûêÔûêÔûêÔûêÔûêÔûêÔûêÔûê
­ƒôè OVERALL SUMMARY
ÔûêÔûêÔûêÔûêÔûêÔûêÔûêÔûêÔûêÔûêÔûêÔûêÔûêÔûêÔûêÔûêÔûêÔûêÔûêÔûêÔûêÔûêÔûêÔûêÔûêÔûêÔûêÔûêÔûêÔûêÔûêÔûêÔûêÔûêÔûêÔûêÔûêÔûêÔûêÔûêÔûêÔûêÔûêÔûêÔûêÔûêÔûêÔûêÔûêÔûêÔûêÔûêÔûêÔûêÔûêÔûêÔûêÔûêÔûêÔûêÔûêÔûêÔûêÔûêÔûêÔûêÔûêÔûêÔûêÔûêÔûêÔûêÔûêÔûêÔûêÔûêÔûêÔûêÔûêÔûê

Scenario-wise Results:
ÔöÇÔöÇÔöÇÔöÇÔöÇÔöÇÔöÇÔöÇÔöÇÔöÇÔöÇÔöÇÔöÇÔöÇÔöÇÔöÇÔöÇÔöÇÔöÇÔöÇÔöÇÔöÇÔöÇÔöÇÔöÇÔöÇÔöÇÔöÇÔöÇÔöÇÔöÇÔöÇÔöÇÔöÇÔöÇÔöÇÔöÇÔöÇÔöÇÔöÇÔöÇÔöÇÔöÇÔöÇÔöÇÔöÇÔöÇÔöÇÔöÇÔöÇÔöÇÔöÇÔöÇÔöÇÔöÇÔöÇÔöÇÔöÇÔöÇÔöÇÔöÇÔöÇÔöÇÔöÇÔöÇÔöÇÔöÇÔöÇÔöÇÔöÇÔöÇÔöÇÔöÇÔöÇÔöÇÔöÇÔöÇÔöÇÔöÇÔöÇ
ÔØî High Cholesterol Patient       | 1/8 (12.5%)
ÔØî Diabetic Patient               | 3/8 (37.5%)
ÔØî High Blood Pressure Patient    | 1/8 (12.5%)
ÔØî Obese Patient                  | 0/8 (0.0%)
ÔöÇÔöÇÔöÇÔöÇÔöÇÔöÇÔöÇÔöÇÔöÇÔöÇÔöÇÔöÇÔöÇÔöÇÔöÇÔöÇÔöÇÔöÇÔöÇÔöÇÔöÇÔöÇÔöÇÔöÇÔöÇÔöÇÔöÇÔöÇÔöÇÔöÇÔöÇÔöÇÔöÇÔöÇÔöÇÔöÇÔöÇÔöÇÔöÇÔöÇÔöÇÔöÇÔöÇÔöÇÔöÇÔöÇÔöÇÔöÇÔöÇÔöÇÔöÇÔöÇÔöÇÔöÇÔöÇÔöÇÔöÇÔöÇÔöÇÔöÇÔöÇÔöÇÔöÇÔöÇÔöÇÔöÇÔöÇÔöÇÔöÇÔöÇÔöÇÔöÇÔöÇÔöÇÔöÇÔöÇÔöÇÔöÇÔöÇÔöÇ

Ô£¿ OVERALL ACCURACY: 5/32 (15.6%)

­ƒÆí RECOMMENDATIONS:
ÔØî Formula needs significant adjustments:

­ƒöº Problem Areas:
   ÔÇó High Cholesterol Patient: 7 ranking errors
     - Fried Chicken (with skin): Expected rank 1, got 4
     - Butter (salted): Expected rank 2, got 5
     - Pepperoni Pizza (frozen): Expected rank 3, got 6
     - Cheddar Cheese: Expected rank 4, got 7
     - White Rice (cooked): Expected rank 5, got 2
     - Grilled Chicken Breast (skinless): Expected rank 6, got 3
     - Oatmeal (cooked with water): Expected rank 7, got 1
   ÔÇó Diabetic Patient: 5 ranking errors
     - Coca-Cola (regular): Expected rank 1, got 2
     - Frosted Donuts: Expected rank 2, got 3
     - Fruit Juice (orange, sweetened): Expected rank 3, got 4
     - White Bread: Expected rank 4, got 5
     - Brown Rice (cooked): Expected rank 5, got 1
   ÔÇó High Blood Pressure Patient: 7 ranking errors
     - Instant Ramen Noodles: Expected rank 1, got 5
     - Canned Soup (chicken noodle): Expected rank 2, got 4
     - Salted Pretzels: Expected rank 3, got 6
     - Cheddar Cheese: Expected rank 4, got 7
     - Grilled Chicken Breast (unsalted): Expected rank 5, got 3
     - Oatmeal (cooked with water, no salt): Expected rank 6, got 1
     - Fresh Spinach (raw): Expected rank 7, got 2
   ÔÇó Obese Patient: 8 ranking errors
     - Chocolate Cake (frosted): Expected rank 1, got 4
     - French Fries (fast food): Expected rank 2, got 5
     - Pepsi (regular): Expected rank 3, got 6
     - White Pasta (cooked): Expected rank 4, got 7
     - Greek Yogurt (non-fat, plain): Expected rank 5, got 8
     - Egg Whites (cooked): Expected rank 6, got 2
     - Broccoli (steamed): Expected rank 7, got 3
     - Cucumber (raw, with peel): Expected rank 8, got 1

ÔûêÔûêÔûêÔûêÔûêÔûêÔûêÔûêÔûêÔûêÔûêÔûêÔûêÔûêÔûêÔûêÔûêÔûêÔûêÔûêÔûêÔûêÔûêÔûêÔûêÔûêÔûêÔûêÔûêÔûêÔûêÔûêÔûêÔûêÔûêÔûêÔûêÔûêÔûêÔûêÔûêÔûêÔûêÔûêÔûêÔûêÔûêÔûêÔûêÔûêÔûêÔûêÔûêÔûêÔûêÔûêÔûêÔûêÔûêÔûêÔûêÔûêÔûêÔûêÔûêÔûêÔûêÔûêÔûêÔûêÔûêÔûêÔûêÔûêÔûêÔûêÔûêÔûêÔûêÔûê
